Archive member included to satisfy reference by file (symbol)

g:/program files/stmicroelectronics/stm32cubeide_1.5.1/stm32cubeide/plugins/com.st.stm32cube.ide.mcu.externaltools.gnu-tools-for-stm32.7-2018-q2-update.win32_1.5.0.202011040924/tools/bin/../lib/gcc/arm-none-eabi/7.3.1/../../../../arm-none-eabi/lib/thumb/v7e-m/fpv4-sp/hard\libm.a(lib_a-w_log.o)
                              Core/Src/main.o (log)
g:/program files/stmicroelectronics/stm32cubeide_1.5.1/stm32cubeide/plugins/com.st.stm32cube.ide.mcu.externaltools.gnu-tools-for-stm32.7-2018-q2-update.win32_1.5.0.202011040924/tools/bin/../lib/gcc/arm-none-eabi/7.3.1/../../../../arm-none-eabi/lib/thumb/v7e-m/fpv4-sp/hard\libm.a(lib_a-e_log.o)
                              g:/program files/stmicroelectronics/stm32cubeide_1.5.1/stm32cubeide/plugins/com.st.stm32cube.ide.mcu.externaltools.gnu-tools-for-stm32.7-2018-q2-update.win32_1.5.0.202011040924/tools/bin/../lib/gcc/arm-none-eabi/7.3.1/../../../../arm-none-eabi/lib/thumb/v7e-m/fpv4-sp/hard\libm.a(lib_a-w_log.o) (__ieee754_log)
g:/program files/stmicroelectronics/stm32cubeide_1.5.1/stm32cubeide/plugins/com.st.stm32cube.ide.mcu.externaltools.gnu-tools-for-stm32.7-2018-q2-update.win32_1.5.0.202011040924/tools/bin/../lib/gcc/arm-none-eabi/7.3.1/../../../../arm-none-eabi/lib/thumb/v7e-m/fpv4-sp/hard\libm.a(lib_a-s_lib_ver.o)
                              g:/program files/stmicroelectronics/stm32cubeide_1.5.1/stm32cubeide/plugins/com.st.stm32cube.ide.mcu.externaltools.gnu-tools-for-stm32.7-2018-q2-update.win32_1.5.0.202011040924/tools/bin/../lib/gcc/arm-none-eabi/7.3.1/../../../../arm-none-eabi/lib/thumb/v7e-m/fpv4-sp/hard\libm.a(lib_a-w_log.o) (__fdlib_version)
g:/program files/stmicroelectronics/stm32cubeide_1.5.1/stm32cubeide/plugins/com.st.stm32cube.ide.mcu.externaltools.gnu-tools-for-stm32.7-2018-q2-update.win32_1.5.0.202011040924/tools/bin/../lib/gcc/arm-none-eabi/7.3.1/../../../../arm-none-eabi/lib/thumb/v7e-m/fpv4-sp/hard\libm.a(lib_a-s_matherr.o)
                              g:/program files/stmicroelectronics/stm32cubeide_1.5.1/stm32cubeide/plugins/com.st.stm32cube.ide.mcu.externaltools.gnu-tools-for-stm32.7-2018-q2-update.win32_1.5.0.202011040924/tools/bin/../lib/gcc/arm-none-eabi/7.3.1/../../../../arm-none-eabi/lib/thumb/v7e-m/fpv4-sp/hard\libm.a(lib_a-w_log.o) (matherr)
g:/program files/stmicroelectronics/stm32cubeide_1.5.1/stm32cubeide/plugins/com.st.stm32cube.ide.mcu.externaltools.gnu-tools-for-stm32.7-2018-q2-update.win32_1.5.0.202011040924/tools/bin/../lib/gcc/arm-none-eabi/7.3.1/../../../../arm-none-eabi/lib/thumb/v7e-m/fpv4-sp/hard\libm.a(lib_a-s_nan.o)
                              g:/program files/stmicroelectronics/stm32cubeide_1.5.1/stm32cubeide/plugins/com.st.stm32cube.ide.mcu.externaltools.gnu-tools-for-stm32.7-2018-q2-update.win32_1.5.0.202011040924/tools/bin/../lib/gcc/arm-none-eabi/7.3.1/../../../../arm-none-eabi/lib/thumb/v7e-m/fpv4-sp/hard\libm.a(lib_a-w_log.o) (nan)
g:/program files/stmicroelectronics/stm32cubeide_1.5.1/stm32cubeide/plugins/com.st.stm32cube.ide.mcu.externaltools.gnu-tools-for-stm32.7-2018-q2-update.win32_1.5.0.202011040924/tools/bin/../lib/gcc/arm-none-eabi/7.3.1/../../../../arm-none-eabi/lib/thumb/v7e-m/fpv4-sp/hard\libc_nano.a(lib_a-atoi.o)
                              Core/Src/main.o (atoi)
g:/program files/stmicroelectronics/stm32cubeide_1.5.1/stm32cubeide/plugins/com.st.stm32cube.ide.mcu.externaltools.gnu-tools-for-stm32.7-2018-q2-update.win32_1.5.0.202011040924/tools/bin/../lib/gcc/arm-none-eabi/7.3.1/../../../../arm-none-eabi/lib/thumb/v7e-m/fpv4-sp/hard\libc_nano.a(lib_a-errno.o)
                              Core/Src/syscalls.o (__errno)
g:/program files/stmicroelectronics/stm32cubeide_1.5.1/stm32cubeide/plugins/com.st.stm32cube.ide.mcu.externaltools.gnu-tools-for-stm32.7-2018-q2-update.win32_1.5.0.202011040924/tools/bin/../lib/gcc/arm-none-eabi/7.3.1/../../../../arm-none-eabi/lib/thumb/v7e-m/fpv4-sp/hard\libc_nano.a(lib_a-exit.o)
                              g:/program files/stmicroelectronics/stm32cubeide_1.5.1/stm32cubeide/plugins/com.st.stm32cube.ide.mcu.externaltools.gnu-tools-for-stm32.7-2018-q2-update.win32_1.5.0.202011040924/tools/bin/../lib/gcc/arm-none-eabi/7.3.1/../../../../arm-none-eabi/lib/thumb/v7e-m/fpv4-sp/hard/crt0.o (exit)
g:/program files/stmicroelectronics/stm32cubeide_1.5.1/stm32cubeide/plugins/com.st.stm32cube.ide.mcu.externaltools.gnu-tools-for-stm32.7-2018-q2-update.win32_1.5.0.202011040924/tools/bin/../lib/gcc/arm-none-eabi/7.3.1/../../../../arm-none-eabi/lib/thumb/v7e-m/fpv4-sp/hard\libc_nano.a(lib_a-impure.o)
                              g:/program files/stmicroelectronics/stm32cubeide_1.5.1/stm32cubeide/plugins/com.st.stm32cube.ide.mcu.externaltools.gnu-tools-for-stm32.7-2018-q2-update.win32_1.5.0.202011040924/tools/bin/../lib/gcc/arm-none-eabi/7.3.1/../../../../arm-none-eabi/lib/thumb/v7e-m/fpv4-sp/hard\libc_nano.a(lib_a-exit.o) (_global_impure_ptr)
[...]
Memory Configuration

Name             Origin             Length             Attributes
CCMRAM           0x0000000010000000 0x0000000000010000 xrw
RAM              0x0000000020000000 0x0000000000020000 xrw
FLASH            0x0000000008000000 0x0000000000100000 xr
*default*        0x0000000000000000 0xffffffffffffffff

Linker script and memory map

LOAD g:/program files/stmicroelectronics/stm32cubeide_1.5.1/stm32cubeide/plugins/com.st.stm32cube.ide.mcu.externaltools.gnu-tools-for-stm32.7-2018-q2-update.win32_1.5.0.202011040924/tools/bin/../lib/gcc/arm-none-eabi/7.3.1/thumb/v7e-m/fpv4-sp/hard/crti.o
LOAD g:/program files/stmicroelectronics/stm32cubeide_1.5.1/stm32cubeide/plugins/com.st.stm32cube.ide.mcu.externaltools.gnu-tools-for-stm32.7-2018-q2-update.win32_1.5.0.202011040924/tools/bin/../lib/gcc/arm-none-eabi/7.3.1/thumb/v7e-m/fpv4-sp/hard/crtbegin.o
LOAD g:/program files/stmicroelectronics/stm32cubeide_1.5.1/stm32cubeide/plugins/com.st.stm32cube.ide.mcu.externaltools.gnu-tools-for-stm32.7-2018-q2-update.win32_1.5.0.202011040924/tools/bin/../lib/gcc/arm-none-eabi/7.3.1/../../../../arm-none-eabi/lib/thumb/v7e-m/fpv4-sp/hard/crt0.o
LOAD Core/Src/RobotArm.o
LOAD Core/Src/freertos.o
LOAD Core/Src/main.o
LOAD Core/Src/stm32f4xx_hal_msp.o
LOAD Core/Src/stm32f4xx_hal_timebase_tim.o
LOAD Core/Src/stm32f4xx_it.o
LOAD Core/Src/syscalls.o
LOAD Core/Src/sysmem.o
LOAD Core/Src/system_stm32f4xx.o
LOAD Core/Startup/startup_stm32f407vgtx.o
LOAD Drivers/STM32F4xx_HAL_Driver/Src/stm32f4xx_hal.o
LOAD Drivers/STM32F4xx_HAL_Driver/Src/stm32f4xx_hal_cortex.o
LOAD Drivers/STM32F4xx_HAL_Driver/Src/stm32f4xx_hal_dma.o
LOAD Drivers/STM32F4xx_HAL_Driver/Src/stm32f4xx_hal_dma_ex.o
LOAD Drivers/STM32F4xx_HAL_Driver/Src/stm32f4xx_hal_exti.o
LOAD Drivers/STM32F4xx_HAL_Driver/Src/stm32f4xx_hal_flash.o
LOAD Drivers/STM32F4xx_HAL_Driver/Src/stm32f4xx_hal_flash_ex.o
LOAD Drivers/STM32F4xx_HAL_Driver/Src/stm32f4xx_hal_flash_ramfunc.o
LOAD Drivers/STM32F4xx_HAL_Driver/Src/stm32f4xx_hal_gpio.o
LOAD Drivers/STM32F4xx_HAL_Driver/Src/stm32f4xx_hal_pwr.o
LOAD Drivers/STM32F4xx_HAL_Driver/Src/stm32f4xx_hal_pwr_ex.o
LOAD Drivers/STM32F4xx_HAL_Driver/Src/stm32f4xx_hal_rcc.o
LOAD Drivers/STM32F4xx_HAL_Driver/Src/stm32f4xx_hal_rcc_ex.o
LOAD Drivers/STM32F4xx_HAL_Driver/Src/stm32f4xx_hal_spi.o
LOAD Drivers/STM32F4xx_HAL_Driver/Src/stm32f4xx_hal_tim.o
LOAD Drivers/STM32F4xx_HAL_Driver/Src/stm32f4xx_hal_tim_ex.o
LOAD Drivers/STM32F4xx_HAL_Driver/Src/stm32f4xx_hal_uart.o
LOAD Middlewares/Third_Party/FreeRTOS/Source/CMSIS_RTOS_V2/cmsis_os2.o
LOAD Middlewares/Third_Party/FreeRTOS/Source/croutine.o
LOAD Middlewares/Third_Party/FreeRTOS/Source/event_groups.o
LOAD Middlewares/Third_Party/FreeRTOS/Source/list.o
LOAD Middlewares/Third_Party/FreeRTOS/Source/queue.o
LOAD Middlewares/Third_Party/FreeRTOS/Source/stream_buffer.o
LOAD Middlewares/Third_Party/FreeRTOS/Source/tasks.o
LOAD Middlewares/Third_Party/FreeRTOS/Source/timers.o
LOAD Middlewares/Third_Party/FreeRTOS/Source/portable/GCC/ARM_CM4F/port.o
LOAD Middlewares/Third_Party/FreeRTOS/Source/portable/MemMang/heap_4.o
START GROUP
LOAD g:/program files/stmicroelectronics/stm32cubeide_1.5.1/stm32cubeide/plugins/com.st.stm32cube.ide.mcu.externaltools.gnu-tools-for-stm32.7-2018-q2-update.win32_1.5.0.202011040924/tools/bin/../lib/gcc/arm-none-eabi/7.3.1/../../../../arm-none-eabi/lib/thumb/v7e-m/fpv4-sp/hard\libstdc++_nano.a
LOAD g:/program files/stmicroelectronics/stm32cubeide_1.5.1/stm32cubeide/plugins/com.st.stm32cube.ide.mcu.externaltools.gnu-tools-for-stm32.7-2018-q2-update.win32_1.5.0.202011040924/tools/bin/../lib/gcc/arm-none-eabi/7.3.1/../../../../arm-none-eabi/lib/thumb/v7e-m/fpv4-sp/hard\libsupc++_nano.a
END GROUP
LOAD g:/program files/stmicroelectronics/stm32cubeide_1.5.1/stm32cubeide/plugins/com.st.stm32cube.ide.mcu.externaltools.gnu-tools-for-stm32.7-2018-q2-update.win32_1.5.0.202011040924/tools/bin/../lib/gcc/arm-none-eabi/7.3.1/../../../../arm-none-eabi/lib/thumb/v7e-m/fpv4-sp/hard\libstdc++_nano.a
LOAD g:/program files/stmicroelectronics/stm32cubeide_1.5.1/stm32cubeide/plugins/com.st.stm32cube.ide.mcu.externaltools.gnu-tools-for-stm32.7-2018-q2-update.win32_1.5.0.202011040924/tools/bin/../lib/gcc/arm-none-eabi/7.3.1/../../../../arm-none-eabi/lib/thumb/v7e-m/fpv4-sp/hard\libm.a
LOAD g:/program files/stmicroelectronics/stm32cubeide_1.5.1/stm32cubeide/plugins/com.st.stm32cube.ide.mcu.externaltools.gnu-tools-for-stm32.7-2018-q2-update.win32_1.5.0.202011040924/tools/bin/../lib/gcc/arm-none-eabi/7.3.1/../../../../arm-none-eabi/lib/thumb/v7e-m/fpv4-sp/hard\libc_nano.a
START GROUP
LOAD g:/program files/stmicroelectronics/stm32cubeide_1.5.1/stm32cubeide/plugins/com.st.stm32cube.ide.mcu.externaltools.gnu-tools-for-stm32.7-2018-q2-update.win32_1.5.0.202011040924/tools/bin/../lib/gcc/arm-none-eabi/7.3.1/thumb/v7e-m/fpv4-sp/hard\libgcc.a
LOAD g:/program files/stmicroelectronics/stm32cubeide_1.5.1/stm32cubeide/plugins/com.st.stm32cube.ide.mcu.externaltools.gnu-tools-for-stm32.7-2018-q2-update.win32_1.5.0.202011040924/tools/bin/../lib/gcc/arm-none-eabi/7.3.1/../../../../arm-none-eabi/lib/thumb/v7e-m/fpv4-sp/hard\libc_nano.a
END GROUP
START GROUP
LOAD g:/program files/stmicroelectronics/stm32cubeide_1.5.1/stm32cubeide/plugins/com.st.stm32cube.ide.mcu.externaltools.gnu-tools-for-stm32.7-2018-q2-update.win32_1.5.0.202011040924/tools/bin/../lib/gcc/arm-none-eabi/7.3.1/thumb/v7e-m/fpv4-sp/hard\libgcc.a
LOAD g:/program files/stmicroelectronics/stm32cubeide_1.5.1/stm32cubeide/plugins/com.st.stm32cube.ide.mcu.externaltools.gnu-tools-for-stm32.7-2018-q2-update.win32_1.5.0.202011040924/tools/bin/../lib/gcc/arm-none-eabi/7.3.1/../../../../arm-none-eabi/lib/thumb/v7e-m/fpv4-sp/hard\libc_nano.a
END GROUP
LOAD g:/program files/stmicroelectronics/stm32cubeide_1.5.1/stm32cubeide/plugins/com.st.stm32cube.ide.mcu.externaltools.gnu-tools-for-stm32.7-2018-q2-update.win32_1.5.0.202011040924/tools/bin/../lib/gcc/arm-none-eabi/7.3.1/thumb/v7e-m/fpv4-sp/hard/crtend.o
LOAD g:/program files/stmicroelectronics/stm32cubeide_1.5.1/stm32cubeide/plugins/com.st.stm32cube.ide.mcu.externaltools.gnu-tools-for-stm32.7-2018-q2-update.win32_1.5.0.202011040924/tools/bin/../lib/gcc/arm-none-eabi/7.3.1/thumb/v7e-m/fpv4-sp/hard/crtn.o
                0x0000000020020000                _estack = (ORIGIN (RAM) + LENGTH (RAM))
                0x0000000000000200                _Min_Heap_Size = 0x200
                0x0000000000000400                _Min_Stack_Size = 0x400

.isr_vector     0x0000000008000000      0x188
                0x0000000008000000                . = ALIGN (0x4)
 *(.isr_vector)
 .isr_vector    0x0000000008000000      0x188 Core/Startup/startup_stm32f407vgtx.o
                0x0000000008000000                g_pfnVectors
                0x0000000008000188                . = ALIGN (0x4)

.text           0x0000000008000190     0x9190
                0x0000000008000190                . = ALIGN (0x4)
 *(.text)
 .text          0x0000000008000190       0x40 g:/program files/stmicroelectronics/stm32cubeide_1.5.1/stm32cubeide/plugins/com.st.stm32cube.ide.mcu.externaltools.gnu-tools-for-stm32.7-2018-q2-update.win32_1.5.0.202011040924/tools/bin/../lib/gcc/arm-none-eabi/7.3.1/thumb/v7e-m/fpv4-sp/hard/crtbegin.o
 .text          0x00000000080001d0       0x14 g:/program files/stmicroelectronics/stm32cubeide_1.5.1/stm32cubeide/plugins/com.st.stm32cube.ide.mcu.externaltools.gnu-tools-for-stm32.7-2018-q2-update.win32_1.5.0.202011040924/tools/bin/../lib/gcc/arm-none-eabi/7.3.1/../../../../arm-none-eabi/lib/thumb/v7e-m/fpv4-sp/hard\libc_nano.a(lib_a-strcmp.o)
                0x00000000080001d0                strcmp
 .text          0x00000000080001e4       0x10 g:/program files/stmicroelectronics/stm32cubeide_1.5.1/stm32cubeide/plugins/com.st.stm32cube.ide.mcu.externaltools.gnu-tools-for-stm32.7-2018-q2-update.win32_1.5.0.202011040924/tools/bin/../lib/gcc/arm-none-eabi/7.3.1/../../../../arm-none-eabi/lib/thumb/v7e-m/fpv4-sp/hard\libc_nano.a(lib_a-strlen.o)
                0x00000000080001e4                strlen
 .text          0x00000000080001f4       0x30 g:/program files/stmicroelectronics/stm32cubeide_1.5.1/stm32cubeide/plugins/com.st.stm32cube.ide.mcu.externaltools.gnu-tools-for-stm32.7-2018-q2-update.win32_1.5.0.202011040924/tools/bin/../lib/gcc/arm-none-eabi/7.3.1/thumb/v7e-m/fpv4-sp/hard\libgcc.a(_aeabi_uldivmod.o)
                0x00000000080001f4                __aeabi_uldivmod
 .text          0x0000000008000224      0x2cc g:/program files/stmicroelectronics/stm32cubeide_1.5.1/stm32cubeide/plugins/com.st.stm32cube.ide.mcu.externaltools.gnu-tools-for-stm32.7-2018-q2-update.win32_1.5.0.202011040924/tools/bin/../lib/gcc/arm-none-eabi/7.3.1/thumb/v7e-m/fpv4-sp/hard\libgcc.a(_udivmoddi4.o)
                0x0000000008000224                __udivmoddi4
 .text          0x00000000080004f0        0x4 g:/program files/stmicroelectronics/stm32cubeide_1.5.1/stm32cubeide/plugins/com.st.stm32cube.ide.mcu.externaltools.gnu-tools-for-stm32.7-2018-q2-update.win32_1.5.0.202011040924/tools/bin/../lib/gcc/arm-none-eabi/7.3.1/thumb/v7e-m/fpv4-sp/hard\libgcc.a(_dvmd_tls.o)
                0x00000000080004f0                __aeabi_idiv0
                0x00000000080004f0                __aeabi_ldiv0
 *(.text*)
 .text.InitRobotArm
                0x00000000080004f4       0x20 Core/Src/RobotArm.o
                0x00000000080004f4                InitRobotArm
 .text.main     0x0000000008000514       0xd0 Core/Src/main.o
                0x0000000008000514                main
 .text.SystemClock_Config
                0x00000000080005e4       0xd4 Core/Src/main.o
                0x00000000080005e4                SystemClock_Config
 .text.MX_SPI2_Init
                0x00000000080006b8       0x6c Core/Src/main.o
 .text.MX_TIM1_Init
                0x0000000008000724      0x144 Core/Src/main.o
 .text.MX_TIM2_Init
                0x0000000008000868       0xec Core/Src/main.o
 .text.MX_TIM3_Init
                0x0000000008000954       0xf0 Core/Src/main.o
 .text.MX_TIM4_Init
                0x0000000008000a44       0xf0 Core/Src/main.o
 .text.MX_TIM8_Init
                0x0000000008000b34      0x144 Core/Src/main.o
 .text.MX_TIM9_Init
                0x0000000008000c78       0xc8 Core/Src/main.o
 .text.MX_TIM12_Init
                0x0000000008000d40       0xc8 Core/Src/main.o
 .text.MX_UART4_Init
                0x0000000008000e08       0x54 Core/Src/main.o
 .text.MX_DMA_Init
                0x0000000008000e5c       0x40 Core/Src/main.o
 .text.MX_GPIO_Init
                0x0000000008000e9c      0x1a8 Core/Src/main.o
 .text.HAL_TIM_PWM_PulseFinishedCallback
                0x0000000008001044      0x49c Core/Src/main.o
                0x0000000008001044                HAL_TIM_PWM_PulseFinishedCallback
 .text.uartSend
                0x00000000080014e0       0x28 Core/Src/main.o
                0x00000000080014e0                uartSend
 .text.moveJoint
                0x0000000008001508      0x1cc Core/Src/main.o
                0x0000000008001508                moveJoint
 .text.HAL_UART_RxCpltCallback
                0x00000000080016d4      0x334 Core/Src/main.o
                0x00000000080016d4                HAL_UART_RxCpltCallback
 .text.demoPlay
                0x0000000008001a08      0x1ec Core/Src/main.o
                0x0000000008001a08                demoPlay
 .text.capPlay  0x0000000008001bf4      0x380 Core/Src/main.o
                0x0000000008001bf4                capPlay
 .text.StartDefaultTask
                0x0000000008001f74       0xd4 Core/Src/main.o
                0x0000000008001f74                StartDefaultTask
 .text.UARTsend
                0x0000000008002048       0x10 Core/Src/main.o
                0x0000000008002048                UARTsend
 .text.UARTget  0x0000000008002058       0x10 Core/Src/main.o
                0x0000000008002058                UARTget
 .text.JOINT_RUN_QUEUE
                0x0000000008002068       0x3c Core/Src/main.o
                0x0000000008002068                JOINT_RUN_QUEUE
 .text.HAL_TIM_PeriodElapsedCallback
                0x00000000080020a4       0x24 Core/Src/main.o
                0x00000000080020a4                HAL_TIM_PeriodElapsedCallback
 .text.Error_Handler
                0x00000000080020c8        0xe Core/Src/main.o
                0x00000000080020c8                Error_Handler
 *fill*         0x00000000080020d6        0x2 
 .text.HAL_MspInit
                0x00000000080020d8       0x58 Core/Src/stm32f4xx_hal_msp.o
                0x00000000080020d8                HAL_MspInit
 .text.HAL_SPI_MspInit
                0x0000000008002130       0xd0 Core/Src/stm32f4xx_hal_msp.o
                0x0000000008002130                HAL_SPI_MspInit
 .text.HAL_TIM_Base_MspInit
                0x0000000008002200      0x214 Core/Src/stm32f4xx_hal_msp.o
                0x0000000008002200                HAL_TIM_Base_MspInit
 .text.HAL_TIM_MspPostInit
                0x0000000008002414      0x24c Core/Src/stm32f4xx_hal_msp.o
                0x0000000008002414                HAL_TIM_MspPostInit
 .text.HAL_UART_MspInit
                0x0000000008002660      0x104 Core/Src/stm32f4xx_hal_msp.o
                0x0000000008002660                HAL_UART_MspInit
 .text.HAL_InitTick
                0x0000000008002764       0xb4 Core/Src/stm32f4xx_hal_timebase_tim.o
                0x0000000008002764                HAL_InitTick
 .text.NMI_Handler
                0x0000000008002818        0xe Core/Src/stm32f4xx_it.o
                0x0000000008002818                NMI_Handler
 .text.HardFault_Handler
                0x0000000008002826        0x6 Core/Src/stm32f4xx_it.o
                0x0000000008002826                HardFault_Handler
 .text.MemManage_Handler
                0x000000000800282c        0x6 Core/Src/stm32f4xx_it.o
                0x000000000800282c                MemManage_Handler
 .text.BusFault_Handler
                0x0000000008002832        0x6 Core/Src/stm32f4xx_it.o
                0x0000000008002832                BusFault_Handler
 .text.UsageFault_Handler
                0x0000000008002838        0x6 Core/Src/stm32f4xx_it.o
                0x0000000008002838                UsageFault_Handler
 .text.DebugMon_Handler
                0x000000000800283e        0xe Core/Src/stm32f4xx_it.o
                0x000000000800283e                DebugMon_Handler
 .text.DMA1_Stream2_IRQHandler
                0x000000000800284c       0x14 Core/Src/stm32f4xx_it.o
                0x000000000800284c                DMA1_Stream2_IRQHandler
 .text.TIM1_BRK_TIM9_IRQHandler
                0x0000000008002860       0x1c Core/Src/stm32f4xx_it.o
                0x0000000008002860                TIM1_BRK_TIM9_IRQHandler
 .text.TIM1_UP_TIM10_IRQHandler
                0x000000000800287c       0x14 Core/Src/stm32f4xx_it.o
                0x000000000800287c                TIM1_UP_TIM10_IRQHandler
 .text.TIM1_TRG_COM_TIM11_IRQHandler
                0x0000000008002890       0x14 Core/Src/stm32f4xx_it.o
                0x0000000008002890                TIM1_TRG_COM_TIM11_IRQHandler
 .text.TIM1_CC_IRQHandler
                0x00000000080028a4       0x14 Core/Src/stm32f4xx_it.o
                0x00000000080028a4                TIM1_CC_IRQHandler
 .text.TIM2_IRQHandler
                0x00000000080028b8       0x14 Core/Src/stm32f4xx_it.o
                0x00000000080028b8                TIM2_IRQHandler
 .text.TIM3_IRQHandler
                0x00000000080028cc       0x14 Core/Src/stm32f4xx_it.o
                0x00000000080028cc                TIM3_IRQHandler
 .text.TIM4_IRQHandler
                0x00000000080028e0       0x14 Core/Src/stm32f4xx_it.o
                0x00000000080028e0                TIM4_IRQHandler
 .text.TIM8_BRK_TIM12_IRQHandler
                0x00000000080028f4       0x1c Core/Src/stm32f4xx_it.o
                0x00000000080028f4                TIM8_BRK_TIM12_IRQHandler
 .text.TIM8_UP_TIM13_IRQHandler
                0x0000000008002910       0x14 Core/Src/stm32f4xx_it.o
                0x0000000008002910                TIM8_UP_TIM13_IRQHandler
 .text.TIM8_TRG_COM_TIM14_IRQHandler
                0x0000000008002924       0x14 Core/Src/stm32f4xx_it.o
                0x0000000008002924                TIM8_TRG_COM_TIM14_IRQHandler
 .text.TIM8_CC_IRQHandler
                0x0000000008002938       0x14 Core/Src/stm32f4xx_it.o
                0x0000000008002938                TIM8_CC_IRQHandler
 .text.TIM5_IRQHandler
                0x000000000800294c       0x14 Core/Src/stm32f4xx_it.o
                0x000000000800294c                TIM5_IRQHandler
 .text.UART4_IRQHandler
                0x0000000008002960       0x14 Core/Src/stm32f4xx_it.o
                0x0000000008002960                UART4_IRQHandler
 .text._sbrk    0x0000000008002974       0x6c Core/Src/sysmem.o
                0x0000000008002974                _sbrk
 .text.SystemInit
                0x00000000080029e0       0x2c Core/Src/system_stm32f4xx.o
                0x00000000080029e0                SystemInit
 .text.Reset_Handler
                0x0000000008002a0c       0x50 Core/Startup/startup_stm32f407vgtx.o
                0x0000000008002a0c                Reset_Handler
 .text.Default_Handler
                0x0000000008002a5c        0x2 Core/Startup/startup_stm32f407vgtx.o
                0x0000000008002a5c                RTC_Alarm_IRQHandler
                0x0000000008002a5c                HASH_RNG_IRQHandler
                0x0000000008002a5c                EXTI2_IRQHandler
                0x0000000008002a5c                DMA2_Stream5_IRQHandler
                0x0000000008002a5c                DMA1_Stream5_IRQHandler
                0x0000000008002a5c                PVD_IRQHandler
                0x0000000008002a5c                SDIO_IRQHandler
                0x0000000008002a5c                TAMP_STAMP_IRQHandler
                0x0000000008002a5c                CAN2_RX1_IRQHandler
                0x0000000008002a5c                EXTI3_IRQHandler
                0x0000000008002a5c                I2C3_ER_IRQHandler
                0x0000000008002a5c                EXTI0_IRQHandler
                0x0000000008002a5c                I2C2_EV_IRQHandler
                0x0000000008002a5c                CAN1_RX0_IRQHandler
                0x0000000008002a5c                FPU_IRQHandler
                0x0000000008002a5c                OTG_HS_WKUP_IRQHandler
                0x0000000008002a5c                CAN2_SCE_IRQHandler
                0x0000000008002a5c                DMA2_Stream2_IRQHandler
                0x0000000008002a5c                SPI1_IRQHandler
                0x0000000008002a5c                TIM6_DAC_IRQHandler
                0x0000000008002a5c                DCMI_IRQHandler
                0x0000000008002a5c                CAN2_RX0_IRQHandler
                0x0000000008002a5c                DMA2_Stream3_IRQHandler
                0x0000000008002a5c                USART6_IRQHandler
                0x0000000008002a5c                USART3_IRQHandler
                0x0000000008002a5c                CAN1_RX1_IRQHandler
                0x0000000008002a5c                UART5_IRQHandler
                0x0000000008002a5c                DMA2_Stream0_IRQHandler
                0x0000000008002a5c                I2C1_EV_IRQHandler
                0x0000000008002a5c                DMA1_Stream6_IRQHandler
                0x0000000008002a5c                DMA1_Stream1_IRQHandler
                0x0000000008002a5c                RCC_IRQHandler
                0x0000000008002a5c                Default_Handler
                0x0000000008002a5c                EXTI15_10_IRQHandler
                0x0000000008002a5c                ADC_IRQHandler
                0x0000000008002a5c                DMA1_Stream7_IRQHandler
                0x0000000008002a5c                TIM7_IRQHandler
                0x0000000008002a5c                CAN2_TX_IRQHandler
                0x0000000008002a5c                DMA2_Stream7_IRQHandler
                0x0000000008002a5c                I2C3_EV_IRQHandler
                0x0000000008002a5c                EXTI9_5_IRQHandler
                0x0000000008002a5c                RTC_WKUP_IRQHandler
                0x0000000008002a5c                ETH_WKUP_IRQHandler
                0x0000000008002a5c                SPI2_IRQHandler
                0x0000000008002a5c                OTG_HS_EP1_IN_IRQHandler
                0x0000000008002a5c                DMA1_Stream0_IRQHandler
                0x0000000008002a5c                CAN1_TX_IRQHandler
                0x0000000008002a5c                EXTI4_IRQHandler
                0x0000000008002a5c                FSMC_IRQHandler
                0x0000000008002a5c                ETH_IRQHandler
                0x0000000008002a5c                OTG_HS_EP1_OUT_IRQHandler
                0x0000000008002a5c                WWDG_IRQHandler
                0x0000000008002a5c                OTG_FS_WKUP_IRQHandler
                0x0000000008002a5c                OTG_HS_IRQHandler
                0x0000000008002a5c                EXTI1_IRQHandler
                0x0000000008002a5c                USART2_IRQHandler
                0x0000000008002a5c                I2C2_ER_IRQHandler
                0x0000000008002a5c                DMA2_Stream1_IRQHandler
                0x0000000008002a5c                CAN1_SCE_IRQHandler
                0x0000000008002a5c                FLASH_IRQHandler
                0x0000000008002a5c                DMA2_Stream4_IRQHandler
                0x0000000008002a5c                USART1_IRQHandler
                0x0000000008002a5c                OTG_FS_IRQHandler
                0x0000000008002a5c                SPI3_IRQHandler
                0x0000000008002a5c                DMA1_Stream4_IRQHandler
                0x0000000008002a5c                I2C1_ER_IRQHandler
                0x0000000008002a5c                DMA2_Stream6_IRQHandler
                0x0000000008002a5c                DMA1_Stream3_IRQHandler
 *fill*         0x0000000008002a5e        0x2 
 .text.HAL_Init
                0x0000000008002a60       0x44 Drivers/STM32F4xx_HAL_Driver/Src/stm32f4xx_hal.o
                0x0000000008002a60                HAL_Init
 .text.HAL_IncTick
                0x0000000008002aa4       0x28 Drivers/STM32F4xx_HAL_Driver/Src/stm32f4xx_hal.o
                0x0000000008002aa4                HAL_IncTick
 .text.HAL_GetTick
                0x0000000008002acc       0x18 Drivers/STM32F4xx_HAL_Driver/Src/stm32f4xx_hal.o
                0x0000000008002acc                HAL_GetTick
 .text.__NVIC_SetPriorityGrouping
                0x0000000008002ae4       0x48 Drivers/STM32F4xx_HAL_Driver/Src/stm32f4xx_hal_cortex.o
 .text.__NVIC_GetPriorityGrouping
                0x0000000008002b2c       0x1c Drivers/STM32F4xx_HAL_Driver/Src/stm32f4xx_hal_cortex.o
 .text.__NVIC_EnableIRQ
                0x0000000008002b48       0x3c Drivers/STM32F4xx_HAL_Driver/Src/stm32f4xx_hal_cortex.o
 .text.__NVIC_SetPriority
                0x0000000008002b84       0x54 Drivers/STM32F4xx_HAL_Driver/Src/stm32f4xx_hal_cortex.o
 .text.NVIC_EncodePriority
                0x0000000008002bd8       0x66 Drivers/STM32F4xx_HAL_Driver/Src/stm32f4xx_hal_cortex.o
 .text.HAL_NVIC_SetPriorityGrouping
                0x0000000008002c3e       0x16 Drivers/STM32F4xx_HAL_Driver/Src/stm32f4xx_hal_cortex.o
                0x0000000008002c3e                HAL_NVIC_SetPriorityGrouping
 .text.HAL_NVIC_SetPriority
                0x0000000008002c54       0x38 Drivers/STM32F4xx_HAL_Driver/Src/stm32f4xx_hal_cortex.o
                0x0000000008002c54                HAL_NVIC_SetPriority
 .text.HAL_NVIC_EnableIRQ
                0x0000000008002c8c       0x1c Drivers/STM32F4xx_HAL_Driver/Src/stm32f4xx_hal_cortex.o
                0x0000000008002c8c                HAL_NVIC_EnableIRQ
 .text.HAL_DMA_Init
                0x0000000008002ca8      0x15c Drivers/STM32F4xx_HAL_Driver/Src/stm32f4xx_hal_dma.o
                0x0000000008002ca8                HAL_DMA_Init
 .text.HAL_DMA_Start_IT
                0x0000000008002e04       0xb0 Drivers/STM32F4xx_HAL_Driver/Src/stm32f4xx_hal_dma.o
                0x0000000008002e04                HAL_DMA_Start_IT
 .text.HAL_DMA_Abort_IT
                0x0000000008002eb4       0x44 Drivers/STM32F4xx_HAL_Driver/Src/stm32f4xx_hal_dma.o
                0x0000000008002eb4                HAL_DMA_Abort_IT
 .text.HAL_DMA_IRQHandler
                0x0000000008002ef8      0x314 Drivers/STM32F4xx_HAL_Driver/Src/stm32f4xx_hal_dma.o
                0x0000000008002ef8                HAL_DMA_IRQHandler
 .text.DMA_SetConfig
                0x000000000800320c       0x5c Drivers/STM32F4xx_HAL_Driver/Src/stm32f4xx_hal_dma.o
 .text.DMA_CalcBaseAndBitshift
                0x0000000008003268       0x6c Drivers/STM32F4xx_HAL_Driver/Src/stm32f4xx_hal_dma.o
 .text.DMA_CheckFifoParam
                0x00000000080032d4       0xf4 Drivers/STM32F4xx_HAL_Driver/Src/stm32f4xx_hal_dma.o
 .text.HAL_GPIO_Init
                0x00000000080033c8      0x334 Drivers/STM32F4xx_HAL_Driver/Src/stm32f4xx_hal_gpio.o
                0x00000000080033c8                HAL_GPIO_Init
 .text.HAL_GPIO_ReadPin
                0x00000000080036fc       0x30 Drivers/STM32F4xx_HAL_Driver/Src/stm32f4xx_hal_gpio.o
                0x00000000080036fc                HAL_GPIO_ReadPin
 .text.HAL_GPIO_WritePin
                0x000000000800372c       0x32 Drivers/STM32F4xx_HAL_Driver/Src/stm32f4xx_hal_gpio.o
                0x000000000800372c                HAL_GPIO_WritePin
 *fill*         0x000000000800375e        0x2 
 .text.HAL_RCC_OscConfig
                0x0000000008003760      0x4e0 Drivers/STM32F4xx_HAL_Driver/Src/stm32f4xx_hal_rcc.o
                0x0000000008003760                HAL_RCC_OscConfig
 .text.HAL_RCC_ClockConfig
                0x0000000008003c40      0x1cc Drivers/STM32F4xx_HAL_Driver/Src/stm32f4xx_hal_rcc.o
                0x0000000008003c40                HAL_RCC_ClockConfig
 .text.HAL_RCC_GetSysClockFreq
                0x0000000008003e0c      0x164 Drivers/STM32F4xx_HAL_Driver/Src/stm32f4xx_hal_rcc.o
                0x0000000008003e0c                HAL_RCC_GetSysClockFreq
 .text.HAL_RCC_GetHCLKFreq
                0x0000000008003f70       0x18 Drivers/STM32F4xx_HAL_Driver/Src/stm32f4xx_hal_rcc.o
                0x0000000008003f70                HAL_RCC_GetHCLKFreq
 .text.HAL_RCC_GetPCLK1Freq
                0x0000000008003f88       0x28 Drivers/STM32F4xx_HAL_Driver/Src/stm32f4xx_hal_rcc.o
                0x0000000008003f88                HAL_RCC_GetPCLK1Freq
 .text.HAL_RCC_GetPCLK2Freq
                0x0000000008003fb0       0x28 Drivers/STM32F4xx_HAL_Driver/Src/stm32f4xx_hal_rcc.o
                0x0000000008003fb0                HAL_RCC_GetPCLK2Freq
 .text.HAL_RCC_GetClockConfig
                0x0000000008003fd8       0x64 Drivers/STM32F4xx_HAL_Driver/Src/stm32f4xx_hal_rcc.o
                0x0000000008003fd8                HAL_RCC_GetClockConfig
 .text.HAL_SPI_Init
                0x000000000800403c       0xc8 Drivers/STM32F4xx_HAL_Driver/Src/stm32f4xx_hal_spi.o
                0x000000000800403c                HAL_SPI_Init
 .text.HAL_TIM_Base_Init
                0x0000000008004104       0x56 Drivers/STM32F4xx_HAL_Driver/Src/stm32f4xx_hal_tim.o
                0x0000000008004104                HAL_TIM_Base_Init
 .text.HAL_TIM_Base_Start_IT
                0x000000000800415a       0x48 Drivers/STM32F4xx_HAL_Driver/Src/stm32f4xx_hal_tim.o
                0x000000000800415a                HAL_TIM_Base_Start_IT
 .text.HAL_TIM_PWM_Init
                0x00000000080041a2       0x56 Drivers/STM32F4xx_HAL_Driver/Src/stm32f4xx_hal_tim.o
                0x00000000080041a2                HAL_TIM_PWM_Init
 .text.HAL_TIM_PWM_MspInit
                0x00000000080041f8       0x14 Drivers/STM32F4xx_HAL_Driver/Src/stm32f4xx_hal_tim.o
                0x00000000080041f8                HAL_TIM_PWM_MspInit
 .text.HAL_TIM_PWM_Start_IT
                0x000000000800420c      0x108 Drivers/STM32F4xx_HAL_Driver/Src/stm32f4xx_hal_tim.o
                0x000000000800420c                HAL_TIM_PWM_Start_IT
 .text.HAL_TIM_PWM_Stop_IT
                0x0000000008004314      0x134 Drivers/STM32F4xx_HAL_Driver/Src/stm32f4xx_hal_tim.o
                0x0000000008004314                HAL_TIM_PWM_Stop_IT
 .text.HAL_TIM_IRQHandler
                0x0000000008004448      0x210 Drivers/STM32F4xx_HAL_Driver/Src/stm32f4xx_hal_tim.o
                0x0000000008004448                HAL_TIM_IRQHandler
 .text.HAL_TIM_PWM_ConfigChannel
                0x0000000008004658      0x18c Drivers/STM32F4xx_HAL_Driver/Src/stm32f4xx_hal_tim.o
                0x0000000008004658                HAL_TIM_PWM_ConfigChannel
 .text.HAL_TIM_ConfigClockSource
                0x00000000080047e4      0x16e Drivers/STM32F4xx_HAL_Driver/Src/stm32f4xx_hal_tim.o
                0x00000000080047e4                HAL_TIM_ConfigClockSource
 .text.HAL_TIM_OC_DelayElapsedCallback
                0x0000000008004952       0x14 Drivers/STM32F4xx_HAL_Driver/Src/stm32f4xx_hal_tim.o
                0x0000000008004952                HAL_TIM_OC_DelayElapsedCallback
 .text.HAL_TIM_IC_CaptureCallback
                0x0000000008004966       0x14 Drivers/STM32F4xx_HAL_Driver/Src/stm32f4xx_hal_tim.o
                0x0000000008004966                HAL_TIM_IC_CaptureCallback
 .text.HAL_TIM_TriggerCallback
                0x000000000800497a       0x14 Drivers/STM32F4xx_HAL_Driver/Src/stm32f4xx_hal_tim.o
                0x000000000800497a                HAL_TIM_TriggerCallback
 *fill*         0x000000000800498e        0x2 
 .text.TIM_Base_SetConfig
                0x0000000008004990      0x140 Drivers/STM32F4xx_HAL_Driver/Src/stm32f4xx_hal_tim.o
                0x0000000008004990                TIM_Base_SetConfig
 .text.TIM_OC1_SetConfig
                0x0000000008004ad0       0xe0 Drivers/STM32F4xx_HAL_Driver/Src/stm32f4xx_hal_tim.o
 .text.TIM_OC2_SetConfig
                0x0000000008004bb0       0xec Drivers/STM32F4xx_HAL_Driver/Src/stm32f4xx_hal_tim.o
                0x0000000008004bb0                TIM_OC2_SetConfig
 .text.TIM_OC3_SetConfig
                0x0000000008004c9c       0xe8 Drivers/STM32F4xx_HAL_Driver/Src/stm32f4xx_hal_tim.o
 .text.TIM_OC4_SetConfig
                0x0000000008004d84       0xac Drivers/STM32F4xx_HAL_Driver/Src/stm32f4xx_hal_tim.o
 .text.TIM_TI1_ConfigInputStage
                0x0000000008004e30       0x5e Drivers/STM32F4xx_HAL_Driver/Src/stm32f4xx_hal_tim.o
 .text.TIM_TI2_ConfigInputStage
                0x0000000008004e8e       0x60 Drivers/STM32F4xx_HAL_Driver/Src/stm32f4xx_hal_tim.o
 .text.TIM_ITRx_SetConfig
                0x0000000008004eee       0x36 Drivers/STM32F4xx_HAL_Driver/Src/stm32f4xx_hal_tim.o
 .text.TIM_ETR_SetConfig
                0x0000000008004f24       0x40 Drivers/STM32F4xx_HAL_Driver/Src/stm32f4xx_hal_tim.o
                0x0000000008004f24                TIM_ETR_SetConfig
 .text.TIM_CCxChannelCmd
                0x0000000008004f64       0x4a Drivers/STM32F4xx_HAL_Driver/Src/stm32f4xx_hal_tim.o
                0x0000000008004f64                TIM_CCxChannelCmd
 .text.HAL_TIMEx_PWMN_Stop_IT
                0x0000000008004fae       0xec Drivers/STM32F4xx_HAL_Driver/Src/stm32f4xx_hal_tim_ex.o
                0x0000000008004fae                HAL_TIMEx_PWMN_Stop_IT
 *fill*         0x000000000800509a        0x2 
 .text.HAL_TIMEx_MasterConfigSynchronization
                0x000000000800509c       0xf8 Drivers/STM32F4xx_HAL_Driver/Src/stm32f4xx_hal_tim_ex.o
                0x000000000800509c                HAL_TIMEx_MasterConfigSynchronization
 .text.HAL_TIMEx_ConfigBreakDeadTime
                0x0000000008005194       0xa4 Drivers/STM32F4xx_HAL_Driver/Src/stm32f4xx_hal_tim_ex.o
                0x0000000008005194                HAL_TIMEx_ConfigBreakDeadTime
 .text.HAL_TIMEx_CommutCallback
                0x0000000008005238       0x14 Drivers/STM32F4xx_HAL_Driver/Src/stm32f4xx_hal_tim_ex.o
                0x0000000008005238                HAL_TIMEx_CommutCallback
 .text.HAL_TIMEx_BreakCallback
                0x000000000800524c       0x14 Drivers/STM32F4xx_HAL_Driver/Src/stm32f4xx_hal_tim_ex.o
                0x000000000800524c                HAL_TIMEx_BreakCallback
 .text.TIM_CCxNChannelCmd
                0x0000000008005260       0x4a Drivers/STM32F4xx_HAL_Driver/Src/stm32f4xx_hal_tim_ex.o
 .text.HAL_UART_Init
                0x00000000080052aa       0x9a Drivers/STM32F4xx_HAL_Driver/Src/stm32f4xx_hal_uart.o
                0x00000000080052aa                HAL_UART_Init
 .text.HAL_UART_Transmit
                0x0000000008005344      0x132 Drivers/STM32F4xx_HAL_Driver/Src/stm32f4xx_hal_uart.o
                0x0000000008005344                HAL_UART_Transmit
 *fill*         0x0000000008005476        0x2 
 .text.HAL_UART_Receive_DMA
                0x0000000008005478      0x100 Drivers/STM32F4xx_HAL_Driver/Src/stm32f4xx_hal_uart.o
                0x0000000008005478                HAL_UART_Receive_DMA
 .text.HAL_UART_IRQHandler
                0x0000000008005578      0x200 Drivers/STM32F4xx_HAL_Driver/Src/stm32f4xx_hal_uart.o
                0x0000000008005578                HAL_UART_IRQHandler
 .text.HAL_UART_TxCpltCallback
                0x0000000008005778       0x14 Drivers/STM32F4xx_HAL_Driver/Src/stm32f4xx_hal_uart.o
                0x0000000008005778                HAL_UART_TxCpltCallback
 .text.HAL_UART_RxHalfCpltCallback
                0x000000000800578c       0x14 Drivers/STM32F4xx_HAL_Driver/Src/stm32f4xx_hal_uart.o
                0x000000000800578c                HAL_UART_RxHalfCpltCallback
 .text.HAL_UART_ErrorCallback
                0x00000000080057a0       0x14 Drivers/STM32F4xx_HAL_Driver/Src/stm32f4xx_hal_uart.o
                0x00000000080057a0                HAL_UART_ErrorCallback
 .text.UART_DMAReceiveCplt
                0x00000000080057b4       0x68 Drivers/STM32F4xx_HAL_Driver/Src/stm32f4xx_hal_uart.o
 .text.UART_DMARxHalfCplt
                0x000000000800581c       0x1c Drivers/STM32F4xx_HAL_Driver/Src/stm32f4xx_hal_uart.o
 .text.UART_DMAError
                0x0000000008005838       0x94 Drivers/STM32F4xx_HAL_Driver/Src/stm32f4xx_hal_uart.o
 .text.UART_WaitOnFlagUntilTimeout
                0x00000000080058cc       0x94 Drivers/STM32F4xx_HAL_Driver/Src/stm32f4xx_hal_uart.o
 .text.UART_EndTxTransfer
                0x0000000008005960       0x2c Drivers/STM32F4xx_HAL_Driver/Src/stm32f4xx_hal_uart.o
 .text.UART_EndRxTransfer
                0x000000000800598c       0x3c Drivers/STM32F4xx_HAL_Driver/Src/stm32f4xx_hal_uart.o
 .text.UART_DMAAbortOnError
                0x00000000080059c8       0x28 Drivers/STM32F4xx_HAL_Driver/Src/stm32f4xx_hal_uart.o
 .text.UART_Transmit_IT
                0x00000000080059f0       0xac Drivers/STM32F4xx_HAL_Driver/Src/stm32f4xx_hal_uart.o
 .text.UART_EndTransmit_IT
                0x0000000008005a9c       0x30 Drivers/STM32F4xx_HAL_Driver/Src/stm32f4xx_hal_uart.o
 .text.UART_Receive_IT
                0x0000000008005acc      0x102 Drivers/STM32F4xx_HAL_Driver/Src/stm32f4xx_hal_uart.o
 *fill*         0x0000000008005bce        0x2 
 .text.UART_SetConfig
                0x0000000008005bd0      0x6f8 Drivers/STM32F4xx_HAL_Driver/Src/stm32f4xx_hal_uart.o
 .text.SVC_Setup
                0x00000000080062c8        0xe Middlewares/Third_Party/FreeRTOS/Source/CMSIS_RTOS_V2/cmsis_os2.o
 *fill*         0x00000000080062d6        0x2 
 .text.osKernelInitialize
                0x00000000080062d8       0x68 Middlewares/Third_Party/FreeRTOS/Source/CMSIS_RTOS_V2/cmsis_os2.o
                0x00000000080062d8                osKernelInitialize
 .text.osKernelStart
                0x0000000008006340       0x6c Middlewares/Third_Party/FreeRTOS/Source/CMSIS_RTOS_V2/cmsis_os2.o
                0x0000000008006340                osKernelStart
 .text.osThreadNew
                0x00000000080063ac      0x14c Middlewares/Third_Party/FreeRTOS/Source/CMSIS_RTOS_V2/cmsis_os2.o
                0x00000000080063ac                osThreadNew
 .text.osDelay  0x00000000080064f8       0x5c Middlewares/Third_Party/FreeRTOS/Source/CMSIS_RTOS_V2/cmsis_os2.o
                0x00000000080064f8                osDelay
 .text.osMessageQueueNew
                0x0000000008006554      0x10c Middlewares/Third_Party/FreeRTOS/Source/CMSIS_RTOS_V2/cmsis_os2.o
                0x0000000008006554                osMessageQueueNew
 .text.vApplicationGetIdleTaskMemory
                0x0000000008006660       0x34 Middlewares/Third_Party/FreeRTOS/Source/CMSIS_RTOS_V2/cmsis_os2.o
                0x0000000008006660                vApplicationGetIdleTaskMemory
 .text.vApplicationGetTimerTaskMemory
                0x0000000008006694       0x34 Middlewares/Third_Party/FreeRTOS/Source/CMSIS_RTOS_V2/cmsis_os2.o
                0x0000000008006694                vApplicationGetTimerTaskMemory
 .text.vListInitialise
                0x00000000080066c8       0x40 Middlewares/Third_Party/FreeRTOS/Source/list.o
                0x00000000080066c8                vListInitialise
 .text.vListInitialiseItem
                0x0000000008006708       0x1a Middlewares/Third_Party/FreeRTOS/Source/list.o
                0x0000000008006708                vListInitialiseItem
 .text.vListInsertEnd
                0x0000000008006722       0x48 Middlewares/Third_Party/FreeRTOS/Source/list.o
                0x0000000008006722                vListInsertEnd
 .text.vListInsert
                0x000000000800676a       0x72 Middlewares/Third_Party/FreeRTOS/Source/list.o
                0x000000000800676a                vListInsert
 .text.uxListRemove
                0x00000000080067dc       0x54 Middlewares/Third_Party/FreeRTOS/Source/list.o
                0x00000000080067dc                uxListRemove
 .text.xQueueGenericReset
                0x0000000008006830       0xd0 Middlewares/Third_Party/FreeRTOS/Source/queue.o
                0x0000000008006830                xQueueGenericReset
 .text.xQueueGenericCreateStatic
                0x0000000008006900       0xe6 Middlewares/Third_Party/FreeRTOS/Source/queue.o
                0x0000000008006900                xQueueGenericCreateStatic
 .text.xQueueGenericCreate
                0x00000000080069e6       0x7e Middlewares/Third_Party/FreeRTOS/Source/queue.o
                0x00000000080069e6                xQueueGenericCreate
 .text.prvInitialiseNewQueue
                0x0000000008006a64       0x46 Middlewares/Third_Party/FreeRTOS/Source/queue.o
 *fill*         0x0000000008006aaa        0x2 
 .text.xQueueGenericSend
                0x0000000008006aac      0x1f4 Middlewares/Third_Party/FreeRTOS/Source/queue.o
                0x0000000008006aac                xQueueGenericSend
 .text.xQueueGenericSendFromISR
                0x0000000008006ca0      0x128 Middlewares/Third_Party/FreeRTOS/Source/queue.o
                0x0000000008006ca0                xQueueGenericSendFromISR
 .text.xQueueReceive
                0x0000000008006dc8      0x1b8 Middlewares/Third_Party/FreeRTOS/Source/queue.o
                0x0000000008006dc8                xQueueReceive
 .text.prvCopyDataToQueue
                0x0000000008006f80       0xd4 Middlewares/Third_Party/FreeRTOS/Source/queue.o
 .text.prvCopyDataFromQueue
                0x0000000008007054       0x4c Middlewares/Third_Party/FreeRTOS/Source/queue.o
 .text.prvUnlockQueue
                0x00000000080070a0       0xa4 Middlewares/Third_Party/FreeRTOS/Source/queue.o
 .text.prvIsQueueEmpty
                0x0000000008007144       0x2c Middlewares/Third_Party/FreeRTOS/Source/queue.o
 .text.prvIsQueueFull
                0x0000000008007170       0x30 Middlewares/Third_Party/FreeRTOS/Source/queue.o
 .text.vQueueAddToRegistry
                0x00000000080071a0       0x50 Middlewares/Third_Party/FreeRTOS/Source/queue.o
                0x00000000080071a0                vQueueAddToRegistry
 .text.vQueueWaitForMessageRestricted
                0x00000000080071f0       0x68 Middlewares/Third_Party/FreeRTOS/Source/queue.o
                0x00000000080071f0                vQueueWaitForMessageRestricted
 .text.xTaskCreateStatic
                0x0000000008007258       0xb4 Middlewares/Third_Party/FreeRTOS/Source/tasks.o
                0x0000000008007258                xTaskCreateStatic
 .text.xTaskCreate
                0x000000000800730c       0x8a Middlewares/Third_Party/FreeRTOS/Source/tasks.o
                0x000000000800730c                xTaskCreate
 .text.prvInitialiseNewTask
                0x0000000008007396      0x11c Middlewares/Third_Party/FreeRTOS/Source/tasks.o
 *fill*         0x00000000080074b2        0x2 
 .text.prvAddNewTaskToReadyList
                0x00000000080074b4       0xe0 Middlewares/Third_Party/FreeRTOS/Source/tasks.o
 .text.vTaskDelay
                0x0000000008007594       0x68 Middlewares/Third_Party/FreeRTOS/Source/tasks.o
                0x0000000008007594                vTaskDelay
 .text.vTaskStartScheduler
                0x00000000080075fc       0xc8 Middlewares/Third_Party/FreeRTOS/Source/tasks.o
                0x00000000080075fc                vTaskStartScheduler
 .text.vTaskSuspendAll
                0x00000000080076c4       0x1c Middlewares/Third_Party/FreeRTOS/Source/tasks.o
                0x00000000080076c4                vTaskSuspendAll
 .text.xTaskResumeAll
                0x00000000080076e0      0x138 Middlewares/Third_Party/FreeRTOS/Source/tasks.o
                0x00000000080076e0                xTaskResumeAll
 .text.xTaskGetTickCount
                0x0000000008007818       0x20 Middlewares/Third_Party/FreeRTOS/Source/tasks.o
                0x0000000008007818                xTaskGetTickCount
 .text.xTaskIncrementTick
                0x0000000008007838      0x170 Middlewares/Third_Party/FreeRTOS/Source/tasks.o
                0x0000000008007838                xTaskIncrementTick
 .text.vTaskSwitchContext
                0x00000000080079a8       0xb8 Middlewares/Third_Party/FreeRTOS/Source/tasks.o
                0x00000000080079a8                vTaskSwitchContext
 .text.vTaskPlaceOnEventList
                0x0000000008007a60       0x48 Middlewares/Third_Party/FreeRTOS/Source/tasks.o
                0x0000000008007a60                vTaskPlaceOnEventList
 .text.vTaskPlaceOnEventListRestricted
                0x0000000008007aa8       0x54 Middlewares/Third_Party/FreeRTOS/Source/tasks.o
                0x0000000008007aa8                vTaskPlaceOnEventListRestricted
 .text.xTaskRemoveFromEventList
                0x0000000008007afc       0xc4 Middlewares/Third_Party/FreeRTOS/Source/tasks.o
                0x0000000008007afc                xTaskRemoveFromEventList
 .text.vTaskInternalSetTimeOutState
                0x0000000008007bc0       0x2c Middlewares/Third_Party/FreeRTOS/Source/tasks.o
                0x0000000008007bc0                vTaskInternalSetTimeOutState
 .text.xTaskCheckForTimeOut
                0x0000000008007bec       0xc0 Middlewares/Third_Party/FreeRTOS/Source/tasks.o
                0x0000000008007bec                xTaskCheckForTimeOut
 .text.vTaskMissedYield
                0x0000000008007cac       0x18 Middlewares/Third_Party/FreeRTOS/Source/tasks.o
                0x0000000008007cac                vTaskMissedYield
 .text.prvIdleTask
                0x0000000008007cc4       0x30 Middlewares/Third_Party/FreeRTOS/Source/tasks.o
 .text.prvInitialiseTaskLists
                0x0000000008007cf4       0x80 Middlewares/Third_Party/FreeRTOS/Source/tasks.o
 .text.prvCheckTasksWaitingTermination
                0x0000000008007d74       0x58 Middlewares/Third_Party/FreeRTOS/Source/tasks.o
 .text.prvDeleteTCB
                0x0000000008007dcc       0x5c Middlewares/Third_Party/FreeRTOS/Source/tasks.o
 .text.prvResetNextTaskUnblockTime
                0x0000000008007e28       0x40 Middlewares/Third_Party/FreeRTOS/Source/tasks.o
 .text.xTaskGetSchedulerState
                0x0000000008007e68       0x3c Middlewares/Third_Party/FreeRTOS/Source/tasks.o
                0x0000000008007e68                xTaskGetSchedulerState
 .text.xTaskPriorityDisinherit
                0x0000000008007ea4       0xd8 Middlewares/Third_Party/FreeRTOS/Source/tasks.o
                0x0000000008007ea4                xTaskPriorityDisinherit
 .text.prvAddCurrentTaskToDelayedList
                0x0000000008007f7c       0xa8 Middlewares/Third_Party/FreeRTOS/Source/tasks.o
 .text.xTimerCreateTimerTask
                0x0000000008008024       0x90 Middlewares/Third_Party/FreeRTOS/Source/timers.o
                0x0000000008008024                xTimerCreateTimerTask
 .text.xTimerGenericCommand
                0x00000000080080b4       0x98 Middlewares/Third_Party/FreeRTOS/Source/timers.o
                0x00000000080080b4                xTimerGenericCommand
 .text.prvProcessExpiredTimer
                0x000000000800814c       0x98 Middlewares/Third_Party/FreeRTOS/Source/timers.o
 .text.prvTimerTask
                0x00000000080081e4       0x24 Middlewares/Third_Party/FreeRTOS/Source/timers.o
 .text.prvProcessTimerOrBlockTask
                0x0000000008008208       0x9c Middlewares/Third_Party/FreeRTOS/Source/timers.o
 .text.prvGetNextExpireTime
                0x00000000080082a4       0x48 Middlewares/Third_Party/FreeRTOS/Source/timers.o
 .text.prvSampleTimeNow
                0x00000000080082ec       0x40 Middlewares/Third_Party/FreeRTOS/Source/timers.o
 .text.prvInsertTimerInActiveList
                0x000000000800832c       0x84 Middlewares/Third_Party/FreeRTOS/Source/timers.o
 .text.prvProcessReceivedCommands
                0x00000000080083b0      0x1b8 Middlewares/Third_Party/FreeRTOS/Source/timers.o
 .text.prvSwitchTimerLists
                0x0000000008008568       0xc8 Middlewares/Third_Party/FreeRTOS/Source/timers.o
 .text.prvCheckForValidListAndQueue
                0x0000000008008630       0x80 Middlewares/Third_Party/FreeRTOS/Source/timers.o
 .text.pxPortInitialiseStack
                0x00000000080086b0       0x68 Middlewares/Third_Party/FreeRTOS/Source/portable/GCC/ARM_CM4F/port.o
                0x00000000080086b0                pxPortInitialiseStack
 .text.prvTaskExitError
                0x0000000008008718       0x54 Middlewares/Third_Party/FreeRTOS/Source/portable/GCC/ARM_CM4F/port.o
 *fill*         0x000000000800876c        0x4 
 .text.SVC_Handler
                0x0000000008008770       0x28 Middlewares/Third_Party/FreeRTOS/Source/portable/GCC/ARM_CM4F/port.o
                0x0000000008008770                SVC_Handler
 .text.prvPortStartFirstTask
                0x0000000008008798       0x28 Middlewares/Third_Party/FreeRTOS/Source/portable/GCC/ARM_CM4F/port.o
 .text.xPortStartScheduler
                0x00000000080087c0      0x13c Middlewares/Third_Party/FreeRTOS/Source/portable/GCC/ARM_CM4F/port.o
                0x00000000080087c0                xPortStartScheduler
 .text.vPortEnterCritical
                0x00000000080088fc       0x5c Middlewares/Third_Party/FreeRTOS/Source/portable/GCC/ARM_CM4F/port.o
                0x00000000080088fc                vPortEnterCritical
 .text.vPortExitCritical
                0x0000000008008958       0x50 Middlewares/Third_Party/FreeRTOS/Source/portable/GCC/ARM_CM4F/port.o
                0x0000000008008958                vPortExitCritical
 *fill*         0x00000000080089a8        0x8 
 .text.PendSV_Handler
                0x00000000080089b0       0x68 Middlewares/Third_Party/FreeRTOS/Source/portable/GCC/ARM_CM4F/port.o
                0x00000000080089b0                PendSV_Handler
 .text.SysTick_Handler
                0x0000000008008a18       0x40 Middlewares/Third_Party/FreeRTOS/Source/portable/GCC/ARM_CM4F/port.o
                0x0000000008008a18                SysTick_Handler
 .text.vPortSetupTimerInterrupt
                0x0000000008008a58       0x48 Middlewares/Third_Party/FreeRTOS/Source/portable/GCC/ARM_CM4F/port.o
                0x0000000008008a58                vPortSetupTimerInterrupt
 .text.vPortEnableVFP
                0x0000000008008aa0       0x14 Middlewares/Third_Party/FreeRTOS/Source/portable/GCC/ARM_CM4F/port.o
 .text.vPortValidateInterruptPriority
                0x0000000008008ab4       0x7c Middlewares/Third_Party/FreeRTOS/Source/portable/GCC/ARM_CM4F/port.o
                0x0000000008008ab4                vPortValidateInterruptPriority
 .text.pvPortMalloc
                0x0000000008008b30      0x184 Middlewares/Third_Party/FreeRTOS/Source/portable/MemMang/heap_4.o
                0x0000000008008b30                pvPortMalloc
 .text.vPortFree
                0x0000000008008cb4       0xb0 Middlewares/Third_Party/FreeRTOS/Source/portable/MemMang/heap_4.o
                0x0000000008008cb4                vPortFree
 .text.prvHeapInit
                0x0000000008008d64       0xc4 Middlewares/Third_Party/FreeRTOS/Source/portable/MemMang/heap_4.o
 .text.prvInsertBlockIntoFreeList
                0x0000000008008e28       0xb4 Middlewares/Third_Party/FreeRTOS/Source/portable/MemMang/heap_4.o
 .text.atoi     0x0000000008008edc        0x8 g:/program files/stmicroelectronics/stm32cubeide_1.5.1/stm32cubeide/plugins/com.st.stm32cube.ide.mcu.externaltools.gnu-tools-for-stm32.7-2018-q2-update.win32_1.5.0.202011040924/tools/bin/../lib/gcc/arm-none-eabi/7.3.1/../../../../arm-none-eabi/lib/thumb/v7e-m/fpv4-sp/hard\libc_nano.a(lib_a-atoi.o)
                0x0000000008008edc                atoi
 .text.__errno  0x0000000008008ee4        0xc g:/program files/stmicroelectronics/stm32cubeide_1.5.1/stm32cubeide/plugins/com.st.stm32cube.ide.mcu.externaltools.gnu-tools-for-stm32.7-2018-q2-update.win32_1.5.0.202011040924/tools/bin/../lib/gcc/arm-none-eabi/7.3.1/../../../../arm-none-eabi/lib/thumb/v7e-m/fpv4-sp/hard\libc_nano.a(lib_a-errno.o)
                0x0000000008008ee4                __errno
 .text.__libc_init_array
                0x0000000008008ef0       0x48 g:/program files/stmicroelectronics/stm32cubeide_1.5.1/stm32cubeide/plugins/com.st.stm32cube.ide.mcu.externaltools.gnu-tools-for-stm32.7-2018-q2-update.win32_1.5.0.202011040924/tools/bin/../lib/gcc/arm-none-eabi/7.3.1/../../../../arm-none-eabi/lib/thumb/v7e-m/fpv4-sp/hard\libc_nano.a(lib_a-init.o)
                0x0000000008008ef0                __libc_init_array
 .text.__itoa   0x0000000008008f38       0x30 g:/program files/stmicroelectronics/stm32cubeide_1.5.1/stm32cubeide/plugins/com.st.stm32cube.ide.mcu.externaltools.gnu-tools-for-stm32.7-2018-q2-update.win32_1.5.0.202011040924/tools/bin/../lib/gcc/arm-none-eabi/7.3.1/../../../../arm-none-eabi/lib/thumb/v7e-m/fpv4-sp/hard\libc_nano.a(lib_a-itoa.o)
                0x0000000008008f38                __itoa
 .text.itoa     0x0000000008008f68        0x4 g:/program files/stmicroelectronics/stm32cubeide_1.5.1/stm32cubeide/plugins/com.st.stm32cube.ide.mcu.externaltools.gnu-tools-for-stm32.7-2018-q2-update.win32_1.5.0.202011040924/tools/bin/../lib/gcc/arm-none-eabi/7.3.1/../../../../arm-none-eabi/lib/thumb/v7e-m/fpv4-sp/hard\libc_nano.a(lib_a-itoa.o)
                0x0000000008008f68                itoa
 .text.malloc   0x0000000008008f6c       0x10 g:/program files/stmicroelectronics/stm32cubeide_1.5.1/stm32cubeide/plugins/com.st.stm32cube.ide.mcu.externaltools.gnu-tools-for-stm32.7-2018-q2-update.win32_1.5.0.202011040924/tools/bin/../lib/gcc/arm-none-eabi/7.3.1/../../../../arm-none-eabi/lib/thumb/v7e-m/fpv4-sp/hard\libc_nano.a(lib_a-malloc.o)
                0x0000000008008f6c                malloc
 .text.memcpy   0x0000000008008f7c       0x16 g:/program files/stmicroelectronics/stm32cubeide_1.5.1/stm32cubeide/plugins/com.st.stm32cube.ide.mcu.externaltools.gnu-tools-for-stm32.7-2018-q2-update.win32_1.5.0.202011040924/tools/bin/../lib/gcc/arm-none-eabi/7.3.1/../../../../arm-none-eabi/lib/thumb/v7e-m/fpv4-sp/hard\libc_nano.a(lib_a-memcpy-stub.o)
                0x0000000008008f7c                memcpy
 .text.memset   0x0000000008008f92       0x10 g:/program files/stmicroelectronics/stm32cubeide_1.5.1/stm32cubeide/plugins/com.st.stm32cube.ide.mcu.externaltools.gnu-tools-for-stm32.7-2018-q2-update.win32_1.5.0.202011040924/tools/bin/../lib/gcc/arm-none-eabi/7.3.1/../../../../arm-none-eabi/lib/thumb/v7e-m/fpv4-sp/hard\libc_nano.a(lib_a-memset.o)
                0x0000000008008f92                memset
 *fill*         0x0000000008008fa2        0x2 
 .text._malloc_r
                0x0000000008008fa4       0xb4 g:/program files/stmicroelectronics/stm32cubeide_1.5.1/stm32cubeide/plugins/com.st.stm32cube.ide.mcu.externaltools.gnu-tools-for-stm32.7-2018-q2-update.win32_1.5.0.202011040924/tools/bin/../lib/gcc/arm-none-eabi/7.3.1/../../../../arm-none-eabi/lib/thumb/v7e-m/fpv4-sp/hard\libc_nano.a(lib_a-nano-mallocr.o)
                0x0000000008008fa4                _malloc_r
 .text._sbrk_r  0x0000000008009058       0x20 g:/program files/stmicroelectronics/stm32cubeide_1.5.1/stm32cubeide/plugins/com.st.stm32cube.ide.mcu.externaltools.gnu-tools-for-stm32.7-2018-q2-update.win32_1.5.0.202011040924/tools/bin/../lib/gcc/arm-none-eabi/7.3.1/../../../../arm-none-eabi/lib/thumb/v7e-m/fpv4-sp/hard\libc_nano.a(lib_a-sbrkr.o)
                0x0000000008009058                _sbrk_r
 .text.strtok   0x0000000008009078       0x54 g:/program files/stmicroelectronics/stm32cubeide_1.5.1/stm32cubeide/plugins/com.st.stm32cube.ide.mcu.externaltools.gnu-tools-for-stm32.7-2018-q2-update.win32_1.5.0.202011040924/tools/bin/../lib/gcc/arm-none-eabi/7.3.1/../../../../arm-none-eabi/lib/thumb/v7e-m/fpv4-sp/hard\libc_nano.a(lib_a-strtok.o)
                0x0000000008009078                strtok
 .text.__strtok_r
                0x00000000080090cc       0x54 g:/program files/stmicroelectronics/stm32cubeide_1.5.1/stm32cubeide/plugins/com.st.stm32cube.ide.mcu.externaltools.gnu-tools-for-stm32.7-2018-q2-update.win32_1.5.0.202011040924/tools/bin/../lib/gcc/arm-none-eabi/7.3.1/../../../../arm-none-eabi/lib/thumb/v7e-m/fpv4-sp/hard\libc_nano.a(lib_a-strtok_r.o)
                0x00000000080090cc                __strtok_r
 .text._strtol_l.isra.0
                0x0000000008009120       0xf6 g:/program files/stmicroelectronics/stm32cubeide_1.5.1/stm32cubeide/plugins/com.st.stm32cube.ide.mcu.externaltools.gnu-tools-for-stm32.7-2018-q2-update.win32_1.5.0.202011040924/tools/bin/../lib/gcc/arm-none-eabi/7.3.1/../../../../arm-none-eabi/lib/thumb/v7e-m/fpv4-sp/hard\libc_nano.a(lib_a-strtol.o)
 *fill*         0x0000000008009216        0x2 
 .text.strtol   0x0000000008009218       0x2c g:/program files/stmicroelectronics/stm32cubeide_1.5.1/stm32cubeide/plugins/com.st.stm32cube.ide.mcu.externaltools.gnu-tools-for-stm32.7-2018-q2-update.win32_1.5.0.202011040924/tools/bin/../lib/gcc/arm-none-eabi/7.3.1/../../../../arm-none-eabi/lib/thumb/v7e-m/fpv4-sp/hard\libc_nano.a(lib_a-strtol.o)
                0x0000000008009218                strtol
 .text.__utoa   0x0000000008009244       0x7c g:/program files/stmicroelectronics/stm32cubeide_1.5.1/stm32cubeide/plugins/com.st.stm32cube.ide.mcu.externaltools.gnu-tools-for-stm32.7-2018-q2-update.win32_1.5.0.202011040924/tools/bin/../lib/gcc/arm-none-eabi/7.3.1/../../../../arm-none-eabi/lib/thumb/v7e-m/fpv4-sp/hard\libc_nano.a(lib_a-utoa.o)
                0x0000000008009244                __utoa
 .text.__locale_ctype_ptr_l
                0x00000000080092c0        0x6 g:/program files/stmicroelectronics/stm32cubeide_1.5.1/stm32cubeide/plugins/com.st.stm32cube.ide.mcu.externaltools.gnu-tools-for-stm32.7-2018-q2-update.win32_1.5.0.202011040924/tools/bin/../lib/gcc/arm-none-eabi/7.3.1/../../../../arm-none-eabi/lib/thumb/v7e-m/fpv4-sp/hard\libc_nano.a(lib_a-locale.o)
                0x00000000080092c0                __locale_ctype_ptr_l
 .text.__ascii_mbtowc
                0x00000000080092c6       0x24 g:/program files/stmicroelectronics/stm32cubeide_1.5.1/stm32cubeide/plugins/com.st.stm32cube.ide.mcu.externaltools.gnu-tools-for-stm32.7-2018-q2-update.win32_1.5.0.202011040924/tools/bin/../lib/gcc/arm-none-eabi/7.3.1/../../../../arm-none-eabi/lib/thumb/v7e-m/fpv4-sp/hard\libc_nano.a(lib_a-mbtowc_r.o)
                0x00000000080092c6                __ascii_mbtowc
 .text.__malloc_lock
                0x00000000080092ea        0x2 g:/program files/stmicroelectronics/stm32cubeide_1.5.1/stm32cubeide/plugins/com.st.stm32cube.ide.mcu.externaltools.gnu-tools-for-stm32.7-2018-q2-update.win32_1.5.0.202011040924/tools/bin/../lib/gcc/arm-none-eabi/7.3.1/../../../../arm-none-eabi/lib/thumb/v7e-m/fpv4-sp/hard\libc_nano.a(lib_a-mlock.o)
                0x00000000080092ea                __malloc_lock
 .text.__malloc_unlock
                0x00000000080092ec        0x2 g:/program files/stmicroelectronics/stm32cubeide_1.5.1/stm32cubeide/plugins/com.st.stm32cube.ide.mcu.externaltools.gnu-tools-for-stm32.7-2018-q2-update.win32_1.5.0.202011040924/tools/bin/../lib/gcc/arm-none-eabi/7.3.1/../../../../arm-none-eabi/lib/thumb/v7e-m/fpv4-sp/hard\libc_nano.a(lib_a-mlock.o)
                0x00000000080092ec                __malloc_unlock
 .text.__ascii_wctomb
                0x00000000080092ee       0x1a g:/program files/stmicroelectronics/stm32cubeide_1.5.1/stm32cubeide/plugins/com.st.stm32cube.ide.mcu.externaltools.gnu-tools-for-stm32.7-2018-q2-update.win32_1.5.0.202011040924/tools/bin/../lib/gcc/arm-none-eabi/7.3.1/../../../../arm-none-eabi/lib/thumb/v7e-m/fpv4-sp/hard\libc_nano.a(lib_a-wctomb_r.o)
                0x00000000080092ee                __ascii_wctomb
 *(.glue_7)
 .glue_7        0x0000000008009308        0x0 linker stubs
 *(.glue_7t)
 .glue_7t       0x0000000008009308        0x0 linker stubs
 *(.eh_frame)
 .eh_frame      0x0000000008009308        0x0 g:/program files/stmicroelectronics/stm32cubeide_1.5.1/stm32cubeide/plugins/com.st.stm32cube.ide.mcu.externaltools.gnu-tools-for-stm32.7-2018-q2-update.win32_1.5.0.202011040924/tools/bin/../lib/gcc/arm-none-eabi/7.3.1/thumb/v7e-m/fpv4-sp/hard/crtbegin.o
 *(.init)
 .init          0x0000000008009308        0x4 g:/program files/stmicroelectronics/stm32cubeide_1.5.1/stm32cubeide/plugins/com.st.stm32cube.ide.mcu.externaltools.gnu-tools-for-stm32.7-2018-q2-update.win32_1.5.0.202011040924/tools/bin/../lib/gcc/arm-none-eabi/7.3.1/thumb/v7e-m/fpv4-sp/hard/crti.o
                0x0000000008009308                _init
 .init          0x000000000800930c        0x8 g:/program files/stmicroelectronics/stm32cubeide_1.5.1/stm32cubeide/plugins/com.st.stm32cube.ide.mcu.externaltools.gnu-tools-for-stm32.7-2018-q2-update.win32_1.5.0.202011040924/tools/bin/../lib/gcc/arm-none-eabi/7.3.1/thumb/v7e-m/fpv4-sp/hard/crtn.o
 *(.fini)
 .fini          0x0000000008009314        0x4 g:/program files/stmicroelectronics/stm32cubeide_1.5.1/stm32cubeide/plugins/com.st.stm32cube.ide.mcu.externaltools.gnu-tools-for-stm32.7-2018-q2-update.win32_1.5.0.202011040924/tools/bin/../lib/gcc/arm-none-eabi/7.3.1/thumb/v7e-m/fpv4-sp/hard/crti.o
                0x0000000008009314                _fini
 .fini          0x0000000008009318        0x8 g:/program files/stmicroelectronics/stm32cubeide_1.5.1/stm32cubeide/plugins/com.st.stm32cube.ide.mcu.externaltools.gnu-tools-for-stm32.7-2018-q2-update.win32_1.5.0.202011040924/tools/bin/../lib/gcc/arm-none-eabi/7.3.1/thumb/v7e-m/fpv4-sp/hard/crtn.o
                0x0000000008009320                . = ALIGN (0x4)
                0x0000000008009320                _etext = .

.vfp11_veneer   0x0000000008009320        0x0
 .vfp11_veneer  0x0000000008009320        0x0 linker stubs

.v4_bx          0x0000000008009320        0x0
 .v4_bx         0x0000000008009320        0x0 linker stubs

.iplt           0x0000000008009320        0x0
 .iplt          0x0000000008009320        0x0 g:/program files/stmicroelectronics/stm32cubeide_1.5.1/stm32cubeide/plugins/com.st.stm32cube.ide.mcu.externaltools.gnu-tools-for-stm32.7-2018-q2-update.win32_1.5.0.202011040924/tools/bin/../lib/gcc/arm-none-eabi/7.3.1/thumb/v7e-m/fpv4-sp/hard/crtbegin.o

.rodata         0x0000000008009320      0x2b0
                0x0000000008009320                . = ALIGN (0x4)
 *(.rodata)
 .rodata        0x0000000008009320       0x9e Core/Src/main.o
 *fill*         0x00000000080093be        0x2 
 .rodata        0x00000000080093c0        0x5 Middlewares/Third_Party/FreeRTOS/Source/tasks.o
 *fill*         0x00000000080093c5        0x3 
 .rodata        0x00000000080093c8        0xd Middlewares/Third_Party/FreeRTOS/Source/timers.o
 *(.rodata*)
 *fill*         0x00000000080093d5        0x3 
 .rodata.defaultTask_attributes
                0x00000000080093d8       0x24 Core/Src/main.o
                0x00000000080093d8                defaultTask_attributes
 .rodata.UART_Send_attributes
                0x00000000080093fc       0x24 Core/Src/main.o
                0x00000000080093fc                UART_Send_attributes
 .rodata.UART_Get_attributes
                0x0000000008009420       0x24 Core/Src/main.o
                0x0000000008009420                UART_Get_attributes
 .rodata.JOINT_RUN_attributes
                0x0000000008009444       0x24 Core/Src/main.o
                0x0000000008009444                JOINT_RUN_attributes
 .rodata.JOINT_QUEUE_attributes
                0x0000000008009468       0x18 Core/Src/main.o
                0x0000000008009468                JOINT_QUEUE_attributes
 .rodata.AHBPrescTable
                0x0000000008009480       0x10 Core/Src/system_stm32f4xx.o
                0x0000000008009480                AHBPrescTable
 .rodata.APBPrescTable
                0x0000000008009490        0x8 Core/Src/system_stm32f4xx.o
                0x0000000008009490                APBPrescTable
 .rodata.flagBitshiftOffset.8243
                0x0000000008009498        0x8 Drivers/STM32F4xx_HAL_Driver/Src/stm32f4xx_hal_dma.o
 .rodata.__utoa.str1.1
                0x00000000080094a0       0x25 g:/program files/stmicroelectronics/stm32cubeide_1.5.1/stm32cubeide/plugins/com.st.stm32cube.ide.mcu.externaltools.gnu-tools-for-stm32.7-2018-q2-update.win32_1.5.0.202011040924/tools/bin/../lib/gcc/arm-none-eabi/7.3.1/../../../../arm-none-eabi/lib/thumb/v7e-m/fpv4-sp/hard\libc_nano.a(lib_a-utoa.o)
 .rodata._setlocale_r.str1.1
                0x00000000080094c5        0x8 g:/program files/stmicroelectronics/stm32cubeide_1.5.1/stm32cubeide/plugins/com.st.stm32cube.ide.mcu.externaltools.gnu-tools-for-stm32.7-2018-q2-update.win32_1.5.0.202011040924/tools/bin/../lib/gcc/arm-none-eabi/7.3.1/../../../../arm-none-eabi/lib/thumb/v7e-m/fpv4-sp/hard\libc_nano.a(lib_a-locale.o)
                                          0x9 (size before relaxing)
 .rodata.str1.1
                0x00000000080094cd        0x2 g:/program files/stmicroelectronics/stm32cubeide_1.5.1/stm32cubeide/plugins/com.st.stm32cube.ide.mcu.externaltools.gnu-tools-for-stm32.7-2018-q2-update.win32_1.5.0.202011040924/tools/bin/../lib/gcc/arm-none-eabi/7.3.1/../../../../arm-none-eabi/lib/thumb/v7e-m/fpv4-sp/hard\libc_nano.a(lib_a-locale.o)
 .rodata._ctype_
                0x00000000080094cf      0x101 g:/program files/stmicroelectronics/stm32cubeide_1.5.1/stm32cubeide/plugins/com.st.stm32cube.ide.mcu.externaltools.gnu-tools-for-stm32.7-2018-q2-update.win32_1.5.0.202011040924/tools/bin/../lib/gcc/arm-none-eabi/7.3.1/../../../../arm-none-eabi/lib/thumb/v7e-m/fpv4-sp/hard\libc_nano.a(lib_a-ctype_.o)
                0x00000000080094cf                _ctype_
                0x00000000080095d0                . = ALIGN (0x4)

.ARM.extab      0x00000000080095d0        0x0
                0x00000000080095d0                . = ALIGN (0x4)
 *(.ARM.extab* .gnu.linkonce.armextab.*)
                0x00000000080095d0                . = ALIGN (0x4)

.ARM            0x00000000080095d0        0x8
                0x00000000080095d0                . = ALIGN (0x4)
                0x00000000080095d0                __exidx_start = .
 *(.ARM.exidx*)
 .ARM.exidx     0x00000000080095d0        0x8 g:/program files/stmicroelectronics/stm32cubeide_1.5.1/stm32cubeide/plugins/com.st.stm32cube.ide.mcu.externaltools.gnu-tools-for-stm32.7-2018-q2-update.win32_1.5.0.202011040924/tools/bin/../lib/gcc/arm-none-eabi/7.3.1/thumb/v7e-m/fpv4-sp/hard\libgcc.a(_udivmoddi4.o)
                0x00000000080095d8                __exidx_end = .
                0x00000000080095d8                . = ALIGN (0x4)

.rel.dyn        0x00000000080095d8        0x0
 .rel.iplt      0x00000000080095d8        0x0 g:/program files/stmicroelectronics/stm32cubeide_1.5.1/stm32cubeide/plugins/com.st.stm32cube.ide.mcu.externaltools.gnu-tools-for-stm32.7-2018-q2-update.win32_1.5.0.202011040924/tools/bin/../lib/gcc/arm-none-eabi/7.3.1/thumb/v7e-m/fpv4-sp/hard/crtbegin.o

.preinit_array  0x00000000080095d8        0x0
                0x00000000080095d8                . = ALIGN (0x4)
                0x00000000080095d8                PROVIDE (__preinit_array_start = .)
 *(.preinit_array*)
                0x00000000080095d8                PROVIDE (__preinit_array_end = .)
                0x00000000080095d8                . = ALIGN (0x4)

.init_array     0x00000000080095d8        0x4
                0x00000000080095d8                . = ALIGN (0x4)
                0x00000000080095d8                PROVIDE (__init_array_start = .)
 *(SORT_BY_NAME(.init_array.*))
 *(.init_array*)
 .init_array    0x00000000080095d8        0x4 g:/program files/stmicroelectronics/stm32cubeide_1.5.1/stm32cubeide/plugins/com.st.stm32cube.ide.mcu.externaltools.gnu-tools-for-stm32.7-2018-q2-update.win32_1.5.0.202011040924/tools/bin/../lib/gcc/arm-none-eabi/7.3.1/thumb/v7e-m/fpv4-sp/hard/crtbegin.o
                0x00000000080095dc                PROVIDE (__init_array_end = .)
                0x00000000080095dc                . = ALIGN (0x4)

.fini_array     0x00000000080095dc        0x4
                0x00000000080095dc                . = ALIGN (0x4)
                [!provide]                        PROVIDE (__fini_array_start = .)
 *(SORT_BY_NAME(.fini_array.*))
 *(.fini_array*)
 .fini_array    0x00000000080095dc        0x4 g:/program files/stmicroelectronics/stm32cubeide_1.5.1/stm32cubeide/plugins/com.st.stm32cube.ide.mcu.externaltools.gnu-tools-for-stm32.7-2018-q2-update.win32_1.5.0.202011040924/tools/bin/../lib/gcc/arm-none-eabi/7.3.1/thumb/v7e-m/fpv4-sp/hard/crtbegin.o
                [!provide]                        PROVIDE (__fini_array_end = .)
                0x00000000080095e0                . = ALIGN (0x4)
                0x00000000080095e0                _sidata = LOADADDR (.data)

.data           0x0000000020000000      0x204 load address 0x00000000080095e0
                0x0000000020000000                . = ALIGN (0x4)
                0x0000000020000000                _sdata = .
 *(.data)
 *(.data*)
 .data.JOINT1_STEPS_MIN
                0x0000000020000000        0x4 Core/Src/main.o
                0x0000000020000000                JOINT1_STEPS_MIN
 .data.JOINT1_STEPS_MAX
                0x0000000020000004        0x4 Core/Src/main.o
                0x0000000020000004                JOINT1_STEPS_MAX
 .data.JOINT2_STEPS_MAX
                0x0000000020000008        0x4 Core/Src/main.o
                0x0000000020000008                JOINT2_STEPS_MAX
 .data.JOINT3_STEPS_MAX
                0x000000002000000c        0x4 Core/Src/main.o
                0x000000002000000c                JOINT3_STEPS_MAX
 .data.JOINT4_STEPS_MIN
                0x0000000020000010        0x4 Core/Src/main.o
                0x0000000020000010                JOINT4_STEPS_MIN
 .data.JOINT4_STEPS_MAX
                0x0000000020000014        0x4 Core/Src/main.o
                0x0000000020000014                JOINT4_STEPS_MAX
 .data.JOINT5_STEPS_MIN
                0x0000000020000018        0x4 Core/Src/main.o
                0x0000000020000018                JOINT5_STEPS_MIN
 .data.JOINT5_STEPS_MAX
                0x000000002000001c        0x4 Core/Src/main.o
                0x000000002000001c                JOINT5_STEPS_MAX
 .data.UART4_INPUT_BYTES_BUFFER_SIZE
                0x0000000020000020        0x1 Core/Src/main.o
                0x0000000020000020                UART4_INPUT_BYTES_BUFFER_SIZE
 *fill*         0x0000000020000021        0x3 
 .data.SystemCoreClock
                0x0000000020000024        0x4 Core/Src/system_stm32f4xx.o
                0x0000000020000024                SystemCoreClock
 .data.uwTickPrio
                0x0000000020000028        0x4 Drivers/STM32F4xx_HAL_Driver/Src/stm32f4xx_hal.o
                0x0000000020000028                uwTickPrio
 .data.uwTickFreq
                0x000000002000002c        0x1 Drivers/STM32F4xx_HAL_Driver/Src/stm32f4xx_hal.o
                0x000000002000002c                uwTickFreq
 *fill*         0x000000002000002d        0x3 
 .data.uxCriticalNesting
                0x0000000020000030        0x4 Middlewares/Third_Party/FreeRTOS/Source/portable/GCC/ARM_CM4F/port.o
 .data._impure_ptr
                0x0000000020000034        0x4 g:/program files/stmicroelectronics/stm32cubeide_1.5.1/stm32cubeide/plugins/com.st.stm32cube.ide.mcu.externaltools.gnu-tools-for-stm32.7-2018-q2-update.win32_1.5.0.202011040924/tools/bin/../lib/gcc/arm-none-eabi/7.3.1/../../../../arm-none-eabi/lib/thumb/v7e-m/fpv4-sp/hard\libc_nano.a(lib_a-impure.o)
                0x0000000020000034                _impure_ptr
 .data.impure_data
                0x0000000020000038       0x60 g:/program files/stmicroelectronics/stm32cubeide_1.5.1/stm32cubeide/plugins/com.st.stm32cube.ide.mcu.externaltools.gnu-tools-for-stm32.7-2018-q2-update.win32_1.5.0.202011040924/tools/bin/../lib/gcc/arm-none-eabi/7.3.1/../../../../arm-none-eabi/lib/thumb/v7e-m/fpv4-sp/hard\libc_nano.a(lib_a-impure.o)
 .data.__global_locale
                0x0000000020000098      0x16c g:/program files/stmicroelectronics/stm32cubeide_1.5.1/stm32cubeide/plugins/com.st.stm32cube.ide.mcu.externaltools.gnu-tools-for-stm32.7-2018-q2-update.win32_1.5.0.202011040924/tools/bin/../lib/gcc/arm-none-eabi/7.3.1/../../../../arm-none-eabi/lib/thumb/v7e-m/fpv4-sp/hard\libc_nano.a(lib_a-locale.o)
                0x0000000020000098                __global_locale
                0x0000000020000204                . = ALIGN (0x4)
                0x0000000020000204                _edata = .

.igot.plt       0x0000000020000204        0x0 load address 0x00000000080097e4
 .igot.plt      0x0000000020000204        0x0 g:/program files/stmicroelectronics/stm32cubeide_1.5.1/stm32cubeide/plugins/com.st.stm32cube.ide.mcu.externaltools.gnu-tools-for-stm32.7-2018-q2-update.win32_1.5.0.202011040924/tools/bin/../lib/gcc/arm-none-eabi/7.3.1/thumb/v7e-m/fpv4-sp/hard/crtbegin.o
                0x0000000020000204                . = ALIGN (0x4)

.bss            0x0000000020000208     0x50e8 load address 0x00000000080097e4
                0x0000000020000208                _sbss = .
                0x0000000020000208                __bss_start__ = _sbss
 *(.bss)
 .bss           0x0000000020000208       0x1c g:/program files/stmicroelectronics/stm32cubeide_1.5.1/stm32cubeide/plugins/com.st.stm32cube.ide.mcu.externaltools.gnu-tools-for-stm32.7-2018-q2-update.win32_1.5.0.202011040924/tools/bin/../lib/gcc/arm-none-eabi/7.3.1/thumb/v7e-m/fpv4-sp/hard/crtbegin.o
 *(.bss*)
 *fill*         0x0000000020000224        0x4 
 .bss.TIM1_COUNTER
                0x0000000020000228        0x8 Core/Src/main.o
                0x0000000020000228                TIM1_COUNTER
 .bss.TIM2_COUNTER
                0x0000000020000230        0x8 Core/Src/main.o
                0x0000000020000230                TIM2_COUNTER
 .bss.TIM3_COUNTER
                0x0000000020000238        0x8 Core/Src/main.o
                0x0000000020000238                TIM3_COUNTER
 .bss.TIM4_COUNTER
                0x0000000020000240        0x8 Core/Src/main.o
                0x0000000020000240                TIM4_COUNTER
 .bss.TIM5_COUNTER
                0x0000000020000248        0x8 Core/Src/main.o
                0x0000000020000248                TIM5_COUNTER
 .bss.TIM6_COUNTER
                0x0000000020000250        0x8 Core/Src/main.o
                0x0000000020000250                TIM6_COUNTER
 .bss.TIM7_COUNTER
                0x0000000020000258        0x8 Core/Src/main.o
                0x0000000020000258                TIM7_COUNTER
 .bss.JOINT1_STEPS_CURRENT
                0x0000000020000260        0x4 Core/Src/main.o
                0x0000000020000260                JOINT1_STEPS_CURRENT
 .bss.JOINT2_STEPS_CURRENT
                0x0000000020000264        0x4 Core/Src/main.o
                0x0000000020000264                JOINT2_STEPS_CURRENT
 .bss.JOINT2_STEPS_MIN
                0x0000000020000268        0x4 Core/Src/main.o
                0x0000000020000268                JOINT2_STEPS_MIN
 .bss.JOINT3_STEPS_CURRENT
                0x000000002000026c        0x4 Core/Src/main.o
                0x000000002000026c                JOINT3_STEPS_CURRENT
 .bss.JOINT3_STEPS_MIN
                0x0000000020000270        0x4 Core/Src/main.o
                0x0000000020000270                JOINT3_STEPS_MIN
 .bss.JOINT4_STEPS_CURRENT
                0x0000000020000274        0x4 Core/Src/main.o
                0x0000000020000274                JOINT4_STEPS_CURRENT
 .bss.JOINT5_STEPS_CURRENT
                0x0000000020000278        0x4 Core/Src/main.o
                0x0000000020000278                JOINT5_STEPS_CURRENT
 .bss.JOINT6_STEPS_CURRENT
                0x000000002000027c        0x4 Core/Src/main.o
                0x000000002000027c                JOINT6_STEPS_CURRENT
 .bss.JOINT7_STEPS_CURRENT
                0x0000000020000280        0x4 Core/Src/main.o
                0x0000000020000280                JOINT7_STEPS_CURRENT
 .bss.SET_HOME_MODE
                0x0000000020000284        0x1 Core/Src/main.o
                0x0000000020000284                SET_HOME_MODE
 .bss.DEMO_START
                0x0000000020000285        0x1 Core/Src/main.o
                0x0000000020000285                DEMO_START
 .bss.CAP_START
                0x0000000020000286        0x1 Core/Src/main.o
                0x0000000020000286                CAP_START
 *fill*         0x0000000020000287        0x1 
 .bss.UART4_RxBUFFER
                0x0000000020000288      0x400 Core/Src/main.o
                0x0000000020000288                UART4_RxBUFFER
 .bss.__sbrk_heap_end
                0x0000000020000688        0x4 Core/Src/sysmem.o
 .bss.KernelState
                0x000000002000068c        0x4 Middlewares/Third_Party/FreeRTOS/Source/CMSIS_RTOS_V2/cmsis_os2.o
 .bss.Idle_TCB  0x0000000020000690       0x5c Middlewares/Third_Party/FreeRTOS/Source/CMSIS_RTOS_V2/cmsis_os2.o
 .bss.Idle_Stack
                0x00000000200006ec      0x200 Middlewares/Third_Party/FreeRTOS/Source/CMSIS_RTOS_V2/cmsis_os2.o
 .bss.Timer_TCB
                0x00000000200008ec       0x5c Middlewares/Third_Party/FreeRTOS/Source/CMSIS_RTOS_V2/cmsis_os2.o
 .bss.Timer_Stack
                0x0000000020000948      0x400 Middlewares/Third_Party/FreeRTOS/Source/CMSIS_RTOS_V2/cmsis_os2.o
 .bss.pxCurrentTCB
                0x0000000020000d48        0x4 Middlewares/Third_Party/FreeRTOS/Source/tasks.o
                0x0000000020000d48                pxCurrentTCB
 .bss.pxReadyTasksLists
                0x0000000020000d4c      0x460 Middlewares/Third_Party/FreeRTOS/Source/tasks.o
 .bss.xDelayedTaskList1
                0x00000000200011ac       0x14 Middlewares/Third_Party/FreeRTOS/Source/tasks.o
 .bss.xDelayedTaskList2
                0x00000000200011c0       0x14 Middlewares/Third_Party/FreeRTOS/Source/tasks.o
 .bss.pxDelayedTaskList
                0x00000000200011d4        0x4 Middlewares/Third_Party/FreeRTOS/Source/tasks.o
 .bss.pxOverflowDelayedTaskList
                0x00000000200011d8        0x4 Middlewares/Third_Party/FreeRTOS/Source/tasks.o
 .bss.xPendingReadyList
                0x00000000200011dc       0x14 Middlewares/Third_Party/FreeRTOS/Source/tasks.o
 .bss.xTasksWaitingTermination
                0x00000000200011f0       0x14 Middlewares/Third_Party/FreeRTOS/Source/tasks.o
 .bss.uxDeletedTasksWaitingCleanUp
                0x0000000020001204        0x4 Middlewares/Third_Party/FreeRTOS/Source/tasks.o
 .bss.xSuspendedTaskList
                0x0000000020001208       0x14 Middlewares/Third_Party/FreeRTOS/Source/tasks.o
 .bss.uxCurrentNumberOfTasks
                0x000000002000121c        0x4 Middlewares/Third_Party/FreeRTOS/Source/tasks.o
 .bss.xTickCount
                0x0000000020001220        0x4 Middlewares/Third_Party/FreeRTOS/Source/tasks.o
 .bss.uxTopReadyPriority
                0x0000000020001224        0x4 Middlewares/Third_Party/FreeRTOS/Source/tasks.o
 .bss.xSchedulerRunning
                0x0000000020001228        0x4 Middlewares/Third_Party/FreeRTOS/Source/tasks.o
 .bss.uxPendedTicks
                0x000000002000122c        0x4 Middlewares/Third_Party/FreeRTOS/Source/tasks.o
 .bss.xYieldPending
                0x0000000020001230        0x4 Middlewares/Third_Party/FreeRTOS/Source/tasks.o
 .bss.xNumOfOverflows
                0x0000000020001234        0x4 Middlewares/Third_Party/FreeRTOS/Source/tasks.o
 .bss.uxTaskNumber
                0x0000000020001238        0x4 Middlewares/Third_Party/FreeRTOS/Source/tasks.o
 .bss.xNextTaskUnblockTime
                0x000000002000123c        0x4 Middlewares/Third_Party/FreeRTOS/Source/tasks.o
 .bss.xIdleTaskHandle
                0x0000000020001240        0x4 Middlewares/Third_Party/FreeRTOS/Source/tasks.o
 .bss.uxSchedulerSuspended
                0x0000000020001244        0x4 Middlewares/Third_Party/FreeRTOS/Source/tasks.o
 .bss.xActiveTimerList1
                0x0000000020001248       0x14 Middlewares/Third_Party/FreeRTOS/Source/timers.o
 .bss.xActiveTimerList2
                0x000000002000125c       0x14 Middlewares/Third_Party/FreeRTOS/Source/timers.o
 .bss.pxCurrentTimerList
                0x0000000020001270        0x4 Middlewares/Third_Party/FreeRTOS/Source/timers.o
 .bss.pxOverflowTimerList
                0x0000000020001274        0x4 Middlewares/Third_Party/FreeRTOS/Source/timers.o
 .bss.xTimerQueue
                0x0000000020001278        0x4 Middlewares/Third_Party/FreeRTOS/Source/timers.o
 .bss.xTimerTaskHandle
                0x000000002000127c        0x4 Middlewares/Third_Party/FreeRTOS/Source/timers.o
 .bss.xLastTime.6741
                0x0000000020001280        0x4 Middlewares/Third_Party/FreeRTOS/Source/timers.o
 .bss.ucStaticTimerQueueStorage.6792
                0x0000000020001284       0xa0 Middlewares/Third_Party/FreeRTOS/Source/timers.o
 .bss.xStaticTimerQueue.6791
                0x0000000020001324       0x50 Middlewares/Third_Party/FreeRTOS/Source/timers.o
 .bss.ucMaxSysCallPriority
                0x0000000020001374        0x1 Middlewares/Third_Party/FreeRTOS/Source/portable/GCC/ARM_CM4F/port.o
 *fill*         0x0000000020001375        0x3 
 .bss.ulMaxPRIGROUPValue
                0x0000000020001378        0x4 Middlewares/Third_Party/FreeRTOS/Source/portable/GCC/ARM_CM4F/port.o
 .bss.ucHeap    0x000000002000137c     0x3c00 Middlewares/Third_Party/FreeRTOS/Source/portable/MemMang/heap_4.o
 .bss.xStart    0x0000000020004f7c        0x8 Middlewares/Third_Party/FreeRTOS/Source/portable/MemMang/heap_4.o
 .bss.pxEnd     0x0000000020004f84        0x4 Middlewares/Third_Party/FreeRTOS/Source/portable/MemMang/heap_4.o
 .bss.xFreeBytesRemaining
                0x0000000020004f88        0x4 Middlewares/Third_Party/FreeRTOS/Source/portable/MemMang/heap_4.o
 .bss.xMinimumEverFreeBytesRemaining
                0x0000000020004f8c        0x4 Middlewares/Third_Party/FreeRTOS/Source/portable/MemMang/heap_4.o
 .bss.xBlockAllocatedBit
                0x0000000020004f90        0x4 Middlewares/Third_Party/FreeRTOS/Source/portable/MemMang/heap_4.o
 .bss.__malloc_free_list
                0x0000000020004f94        0x4 g:/program files/stmicroelectronics/stm32cubeide_1.5.1/stm32cubeide/plugins/com.st.stm32cube.ide.mcu.externaltools.gnu-tools-for-stm32.7-2018-q2-update.win32_1.5.0.202011040924/tools/bin/../lib/gcc/arm-none-eabi/7.3.1/../../../../arm-none-eabi/lib/thumb/v7e-m/fpv4-sp/hard\libc_nano.a(lib_a-nano-mallocr.o)
                0x0000000020004f94                __malloc_free_list
 .bss.__malloc_sbrk_start
                0x0000000020004f98        0x4 g:/program files/stmicroelectronics/stm32cubeide_1.5.1/stm32cubeide/plugins/com.st.stm32cube.ide.mcu.externaltools.gnu-tools-for-stm32.7-2018-q2-update.win32_1.5.0.202011040924/tools/bin/../lib/gcc/arm-none-eabi/7.3.1/../../../../arm-none-eabi/lib/thumb/v7e-m/fpv4-sp/hard\libc_nano.a(lib_a-nano-mallocr.o)
                0x0000000020004f98                __malloc_sbrk_start
 *(COMMON)
 COMMON         0x0000000020004f9c      0x2cc Core/Src/main.o
                0x0000000020004f9c                hdma_uart4_rx
                0x0000000020004ffc                defaultTaskHandle
                0x0000000020005000                hspi2
                0x0000000020005058                htim8
                0x0000000020005098                htim4
                0x00000000200050d8                JOINT_RUNHandle
                0x00000000200050dc                UART_GetHandle
                0x00000000200050e0                htim3
                0x0000000020005120                JOINT_QUEUEHandle
                0x0000000020005124                htim1
                0x0000000020005164                htim9
                0x00000000200051a4                UART_SendHandle
                0x00000000200051a8                huart4
                0x00000000200051e8                htim2
                0x0000000020005228                htim12
 COMMON         0x0000000020005268       0x40 Core/Src/stm32f4xx_hal_timebase_tim.o
                0x0000000020005268                htim5
 COMMON         0x00000000200052a8        0x4 Drivers/STM32F4xx_HAL_Driver/Src/stm32f4xx_hal.o
                0x00000000200052a8                uwTick
 COMMON         0x00000000200052ac       0x40 Middlewares/Third_Party/FreeRTOS/Source/queue.o
                0x00000000200052ac                xQueueRegistry
 COMMON         0x00000000200052ec        0x4 g:/program files/stmicroelectronics/stm32cubeide_1.5.1/stm32cubeide/plugins/com.st.stm32cube.ide.mcu.externaltools.gnu-tools-for-stm32.7-2018-q2-update.win32_1.5.0.202011040924/tools/bin/../lib/gcc/arm-none-eabi/7.3.1/../../../../arm-none-eabi/lib/thumb/v7e-m/fpv4-sp/hard\libc_nano.a(lib_a-reent.o)
                0x00000000200052ec                errno
                0x00000000200052f0                . = ALIGN (0x4)
                0x00000000200052f0                _ebss = .
                0x00000000200052f0                __bss_end__ = _ebss

._user_heap_stack
                0x00000000200052f0      0x600 load address 0x00000000080097e4
                0x00000000200052f0                . = ALIGN (0x8)
                [!provide]                        PROVIDE (end = .)
                0x00000000200052f0                PROVIDE (_end = .)
                0x00000000200054f0                . = (. + _Min_Heap_Size)
 *fill*         0x00000000200052f0      0x200 
                0x00000000200058f0                . = (. + _Min_Stack_Size)
 *fill*         0x00000000200054f0      0x400 
                0x00000000200058f0                . = ALIGN (0x8)

/DISCARD/
 libc.a(*)
 libm.a(*)
 libgcc.a(*)

.ARM.attributes
                0x0000000000000000       0x30
 *(.ARM.attributes)
 .ARM.attributes
                0x0000000000000000       0x22 g:/program files/stmicroelectronics/stm32cubeide_1.5.1/stm32cubeide/plugins/com.st.stm32cube.ide.mcu.externaltools.gnu-tools-for-stm32.7-2018-q2-update.win32_1.5.0.202011040924/tools/bin/../lib/gcc/arm-none-eabi/7.3.1/thumb/v7e-m/fpv4-sp/hard/crti.o
 .ARM.attributes
                0x0000000000000022       0x34 g:/program files/stmicroelectronics/stm32cubeide_1.5.1/stm32cubeide/plugins/com.st.stm32cube.ide.mcu.externaltools.gnu-tools-for-stm32.7-2018-q2-update.win32_1.5.0.202011040924/tools/bin/../lib/gcc/arm-none-eabi/7.3.1/thumb/v7e-m/fpv4-sp/hard/crtbegin.o
 .ARM.attributes
                0x0000000000000056       0x39 Core/Src/RobotArm.o
 .ARM.attributes
                0x000000000000008f       0x39 Core/Src/main.o
 .ARM.attributes
                0x00000000000000c8       0x39 Core/Src/stm32f4xx_hal_msp.o
 .ARM.attributes
                0x0000000000000101       0x39 Core/Src/stm32f4xx_hal_timebase_tim.o
 .ARM.attributes
                0x000000000000013a       0x39 Core/Src/stm32f4xx_it.o
 .ARM.attributes
                0x0000000000000173       0x39 Core/Src/sysmem.o
 .ARM.attributes
                0x00000000000001ac       0x39 Core/Src/system_stm32f4xx.o
 .ARM.attributes
                0x00000000000001e5       0x21 Core/Startup/startup_stm32f407vgtx.o
 .ARM.attributes
                0x0000000000000206       0x39 Drivers/STM32F4xx_HAL_Driver/Src/stm32f4xx_hal.o
 .ARM.attributes
                0x000000000000023f       0x39 Drivers/STM32F4xx_HAL_Driver/Src/stm32f4xx_hal_cortex.o
 .ARM.attributes
                0x0000000000000278       0x39 Drivers/STM32F4xx_HAL_Driver/Src/stm32f4xx_hal_dma.o
 .ARM.attributes
                0x00000000000002b1       0x39 Drivers/STM32F4xx_HAL_Driver/Src/stm32f4xx_hal_gpio.o
 .ARM.attributes
                0x00000000000002ea       0x39 Drivers/STM32F4xx_HAL_Driver/Src/stm32f4xx_hal_rcc.o
 .ARM.attributes
                0x0000000000000323       0x39 Drivers/STM32F4xx_HAL_Driver/Src/stm32f4xx_hal_spi.o
 .ARM.attributes
                0x000000000000035c       0x39 Drivers/STM32F4xx_HAL_Driver/Src/stm32f4xx_hal_tim.o
 .ARM.attributes
                0x0000000000000395       0x39 Drivers/STM32F4xx_HAL_Driver/Src/stm32f4xx_hal_tim_ex.o
 .ARM.attributes
                0x00000000000003ce       0x39 Drivers/STM32F4xx_HAL_Driver/Src/stm32f4xx_hal_uart.o
 .ARM.attributes
                0x0000000000000407       0x39 Middlewares/Third_Party/FreeRTOS/Source/CMSIS_RTOS_V2/cmsis_os2.o
 .ARM.attributes
                0x0000000000000440       0x39 Middlewares/Third_Party/FreeRTOS/Source/list.o
 .ARM.attributes
                0x0000000000000479       0x39 Middlewares/Third_Party/FreeRTOS/Source/queue.o
 .ARM.attributes
                0x00000000000004b2       0x39 Middlewares/Third_Party/FreeRTOS/Source/tasks.o
 .ARM.attributes
                0x00000000000004eb       0x39 Middlewares/Third_Party/FreeRTOS/Source/timers.o
 .ARM.attributes
                0x0000000000000524       0x39 Middlewares/Third_Party/FreeRTOS/Source/portable/GCC/ARM_CM4F/port.o
 .ARM.attributes
                0x000000000000055d       0x39 Middlewares/Third_Party/FreeRTOS/Source/portable/MemMang/heap_4.o
 .ARM.attributes
                0x0000000000000596       0x34 g:/program files/stmicroelectronics/stm32cubeide_1.5.1/stm32cubeide/plugins/com.st.stm32cube.ide.mcu.externaltools.gnu-tools-for-stm32.7-2018-q2-update.win32_1.5.0.202011040924/tools/bin/../lib/gcc/arm-none-eabi/7.3.1/../../../../arm-none-eabi/lib/thumb/v7e-m/fpv4-sp/hard\libc_nano.a(lib_a-atoi.o)
 .ARM.attributes
                0x00000000000005ca       0x34 g:/program files/stmicroelectronics/stm32cubeide_1.5.1/stm32cubeide/plugins/com.st.stm32cube.ide.mcu.externaltools.gnu-tools-for-stm32.7-2018-q2-update.win32_1.5.0.202011040924/tools/bin/../lib/gcc/arm-none-eabi/7.3.1/../../../../arm-none-eabi/lib/thumb/v7e-m/fpv4-sp/hard\libc_nano.a(lib_a-errno.o)
 .ARM.attributes
                0x00000000000005fe       0x34 g:/program files/stmicroelectronics/stm32cubeide_1.5.1/stm32cubeide/plugins/com.st.stm32cube.ide.mcu.externaltools.gnu-tools-for-stm32.7-2018-q2-update.win32_1.5.0.202011040924/tools/bin/../lib/gcc/arm-none-eabi/7.3.1/../../../../arm-none-eabi/lib/thumb/v7e-m/fpv4-sp/hard\libc_nano.a(lib_a-impure.o)
 .ARM.attributes
                0x0000000000000632       0x34 g:/program files/stmicroelectronics/stm32cubeide_1.5.1/stm32cubeide/plugins/com.st.stm32cube.ide.mcu.externaltools.gnu-tools-for-stm32.7-2018-q2-update.win32_1.5.0.202011040924/tools/bin/../lib/gcc/arm-none-eabi/7.3.1/../../../../arm-none-eabi/lib/thumb/v7e-m/fpv4-sp/hard\libc_nano.a(lib_a-init.o)
 .ARM.attributes
                0x0000000000000666       0x34 g:/program files/stmicroelectronics/stm32cubeide_1.5.1/stm32cubeide/plugins/com.st.stm32cube.ide.mcu.externaltools.gnu-tools-for-stm32.7-2018-q2-update.win32_1.5.0.202011040924/tools/bin/../lib/gcc/arm-none-eabi/7.3.1/../../../../arm-none-eabi/lib/thumb/v7e-m/fpv4-sp/hard\libc_nano.a(lib_a-itoa.o)
 .ARM.attributes
                0x000000000000069a       0x34 g:/program files/stmicroelectronics/stm32cubeide_1.5.1/stm32cubeide/plugins/com.st.stm32cube.ide.mcu.externaltools.gnu-tools-for-stm32.7-2018-q2-update.win32_1.5.0.202011040924/tools/bin/../lib/gcc/arm-none-eabi/7.3.1/../../../../arm-none-eabi/lib/thumb/v7e-m/fpv4-sp/hard\libc_nano.a(lib_a-malloc.o)
 .ARM.attributes
                0x00000000000006ce       0x34 g:/program files/stmicroelectronics/stm32cubeide_1.5.1/stm32cubeide/plugins/com.st.stm32cube.ide.mcu.externaltools.gnu-tools-for-stm32.7-2018-q2-update.win32_1.5.0.202011040924/tools/bin/../lib/gcc/arm-none-eabi/7.3.1/../../../../arm-none-eabi/lib/thumb/v7e-m/fpv4-sp/hard\libc_nano.a(lib_a-memcpy-stub.o)
 .ARM.attributes
                0x0000000000000702       0x34 g:/program files/stmicroelectronics/stm32cubeide_1.5.1/stm32cubeide/plugins/com.st.stm32cube.ide.mcu.externaltools.gnu-tools-for-stm32.7-2018-q2-update.win32_1.5.0.202011040924/tools/bin/../lib/gcc/arm-none-eabi/7.3.1/../../../../arm-none-eabi/lib/thumb/v7e-m/fpv4-sp/hard\libc_nano.a(lib_a-memset.o)
 .ARM.attributes
                0x0000000000000736       0x34 g:/program files/stmicroelectronics/stm32cubeide_1.5.1/stm32cubeide/plugins/com.st.stm32cube.ide.mcu.externaltools.gnu-tools-for-stm32.7-2018-q2-update.win32_1.5.0.202011040924/tools/bin/../lib/gcc/arm-none-eabi/7.3.1/../../../../arm-none-eabi/lib/thumb/v7e-m/fpv4-sp/hard\libc_nano.a(lib_a-nano-mallocr.o)
 .ARM.attributes
                0x000000000000076a       0x34 g:/program files/stmicroelectronics/stm32cubeide_1.5.1/stm32cubeide/plugins/com.st.stm32cube.ide.mcu.externaltools.gnu-tools-for-stm32.7-2018-q2-update.win32_1.5.0.202011040924/tools/bin/../lib/gcc/arm-none-eabi/7.3.1/../../../../arm-none-eabi/lib/thumb/v7e-m/fpv4-sp/hard\libc_nano.a(lib_a-sbrkr.o)
 .ARM.attributes
                0x000000000000079e       0x20 g:/program files/stmicroelectronics/stm32cubeide_1.5.1/stm32cubeide/plugins/com.st.stm32cube.ide.mcu.externaltools.gnu-tools-for-stm32.7-2018-q2-update.win32_1.5.0.202011040924/tools/bin/../lib/gcc/arm-none-eabi/7.3.1/../../../../arm-none-eabi/lib/thumb/v7e-m/fpv4-sp/hard\libc_nano.a(lib_a-strcmp.o)
 .ARM.attributes
                0x00000000000007be       0x1b g:/program files/stmicroelectronics/stm32cubeide_1.5.1/stm32cubeide/plugins/com.st.stm32cube.ide.mcu.externaltools.gnu-tools-for-stm32.7-2018-q2-update.win32_1.5.0.202011040924/tools/bin/../lib/gcc/arm-none-eabi/7.3.1/../../../../arm-none-eabi/lib/thumb/v7e-m/fpv4-sp/hard\libc_nano.a(lib_a-strlen.o)
 .ARM.attributes
                0x00000000000007d9       0x34 g:/program files/stmicroelectronics/stm32cubeide_1.5.1/stm32cubeide/plugins/com.st.stm32cube.ide.mcu.externaltools.gnu-tools-for-stm32.7-2018-q2-update.win32_1.5.0.202011040924/tools/bin/../lib/gcc/arm-none-eabi/7.3.1/../../../../arm-none-eabi/lib/thumb/v7e-m/fpv4-sp/hard\libc_nano.a(lib_a-strtok.o)
 .ARM.attributes
                0x000000000000080d       0x34 g:/program files/stmicroelectronics/stm32cubeide_1.5.1/stm32cubeide/plugins/com.st.stm32cube.ide.mcu.externaltools.gnu-tools-for-stm32.7-2018-q2-update.win32_1.5.0.202011040924/tools/bin/../lib/gcc/arm-none-eabi/7.3.1/../../../../arm-none-eabi/lib/thumb/v7e-m/fpv4-sp/hard\libc_nano.a(lib_a-strtok_r.o)
 .ARM.attributes
                0x0000000000000841       0x34 g:/program files/stmicroelectronics/stm32cubeide_1.5.1/stm32cubeide/plugins/com.st.stm32cube.ide.mcu.externaltools.gnu-tools-for-stm32.7-2018-q2-update.win32_1.5.0.202011040924/tools/bin/../lib/gcc/arm-none-eabi/7.3.1/../../../../arm-none-eabi/lib/thumb/v7e-m/fpv4-sp/hard\libc_nano.a(lib_a-strtol.o)
 .ARM.attributes
                0x0000000000000875       0x34 g:/program files/stmicroelectronics/stm32cubeide_1.5.1/stm32cubeide/plugins/com.st.stm32cube.ide.mcu.externaltools.gnu-tools-for-stm32.7-2018-q2-update.win32_1.5.0.202011040924/tools/bin/../lib/gcc/arm-none-eabi/7.3.1/../../../../arm-none-eabi/lib/thumb/v7e-m/fpv4-sp/hard\libc_nano.a(lib_a-utoa.o)
 .ARM.attributes
                0x00000000000008a9       0x34 g:/program files/stmicroelectronics/stm32cubeide_1.5.1/stm32cubeide/plugins/com.st.stm32cube.ide.mcu.externaltools.gnu-tools-for-stm32.7-2018-q2-update.win32_1.5.0.202011040924/tools/bin/../lib/gcc/arm-none-eabi/7.3.1/../../../../arm-none-eabi/lib/thumb/v7e-m/fpv4-sp/hard\libc_nano.a(lib_a-locale.o)
 .ARM.attributes
                0x00000000000008dd       0x34 g:/program files/stmicroelectronics/stm32cubeide_1.5.1/stm32cubeide/plugins/com.st.stm32cube.ide.mcu.externaltools.gnu-tools-for-stm32.7-2018-q2-update.win32_1.5.0.202011040924/tools/bin/../lib/gcc/arm-none-eabi/7.3.1/../../../../arm-none-eabi/lib/thumb/v7e-m/fpv4-sp/hard\libc_nano.a(lib_a-mbtowc_r.o)
 .ARM.attributes
                0x0000000000000911       0x34 g:/program files/stmicroelectronics/stm32cubeide_1.5.1/stm32cubeide/plugins/com.st.stm32cube.ide.mcu.externaltools.gnu-tools-for-stm32.7-2018-q2-update.win32_1.5.0.202011040924/tools/bin/../lib/gcc/arm-none-eabi/7.3.1/../../../../arm-none-eabi/lib/thumb/v7e-m/fpv4-sp/hard\libc_nano.a(lib_a-mlock.o)
 .ARM.attributes
                0x0000000000000945       0x34 g:/program files/stmicroelectronics/stm32cubeide_1.5.1/stm32cubeide/plugins/com.st.stm32cube.ide.mcu.externaltools.gnu-tools-for-stm32.7-2018-q2-update.win32_1.5.0.202011040924/tools/bin/../lib/gcc/arm-none-eabi/7.3.1/../../../../arm-none-eabi/lib/thumb/v7e-m/fpv4-sp/hard\libc_nano.a(lib_a-reent.o)
 .ARM.attributes
                0x0000000000000979       0x34 g:/program files/stmicroelectronics/stm32cubeide_1.5.1/stm32cubeide/plugins/com.st.stm32cube.ide.mcu.externaltools.gnu-tools-for-stm32.7-2018-q2-update.win32_1.5.0.202011040924/tools/bin/../lib/gcc/arm-none-eabi/7.3.1/../../../../arm-none-eabi/lib/thumb/v7e-m/fpv4-sp/hard\libc_nano.a(lib_a-wctomb_r.o)
 .ARM.attributes
                0x00000000000009ad       0x34 g:/program files/stmicroelectronics/stm32cubeide_1.5.1/stm32cubeide/plugins/com.st.stm32cube.ide.mcu.externaltools.gnu-tools-for-stm32.7-2018-q2-update.win32_1.5.0.202011040924/tools/bin/../lib/gcc/arm-none-eabi/7.3.1/../../../../arm-none-eabi/lib/thumb/v7e-m/fpv4-sp/hard\libc_nano.a(lib_a-ctype_.o)
 .ARM.attributes
                0x00000000000009e1       0x22 g:/program files/stmicroelectronics/stm32cubeide_1.5.1/stm32cubeide/plugins/com.st.stm32cube.ide.mcu.externaltools.gnu-tools-for-stm32.7-2018-q2-update.win32_1.5.0.202011040924/tools/bin/../lib/gcc/arm-none-eabi/7.3.1/thumb/v7e-m/fpv4-sp/hard\libgcc.a(_aeabi_uldivmod.o)
 .ARM.attributes