main.c:173:6:DWT_Init	4	static
main.c:197:6:DWT_Delay	24	static
main.c:206:5:randint	24	static
main.c:222:6:turn	40	static
main.c:266:5:main	8	static
main.c:372:6:SystemClock_Config	88	static
main.c:417:13:MX_SPI2_Init	8	static
main.c:455:13:MX_TIM1_Init	96	static
main.c:530:13:MX_TIM2_Init	64	static
main.c:589:13:MX_TIM3_Init	64	static
main.c:648:13:MX_TIM4_Init	64	static
main.c:707:13:MX_TIM8_Init	96	static
main.c:782:13:MX_TIM9_Init	56	static
main.c:834:13:MX_TIM12_Init	56	static
main.c:886:13:MX_UART4_Init	8	static
main.c:917:13:MX_DMA_Init	16	static
main.c:935:13:MX_GPIO_Init	56	static
main.c:1003:6:speedInit	56	static
main.c:1036:6:pwm_setvalue	48	static
main.c:1048:6:HAL_TIM_PWM_PulseFinishedCallback	24	static
main.c:1182:7:constructMessageUART	24	static
main.c:1191:6:uartSend	16	static
main.c:1197:6:moveJoint	24	static
main.c:1239:7:extractNumber	32	static
main.c:1259:6:HAL_UART_RxCpltCallback	104	static
main.c:1398:6:demoPlay	8	static
main.c:1463:6:capPlay	16	static
main.c:1606:6:StartDefaultTask	16	static
main.c:1640:6:UARTsend	16	static
main.c:1657:6:UARTget	16	static
main.c:1674:6:JOINT_RUN_QUEUE	16	static
main.c:1700:6:HAL_TIM_PeriodElapsedCallback	16	static
main.c:1724:6:Error_Handler	4	static
