stm32f4xx_it.c:80:6:NMI_Handler	4	static
stm32f4xx_it.c:93:6:HardFault_Handler	4	static
stm32f4xx_it.c:108:6:MemManage_Handler	4	static
stm32f4xx_it.c:123:6:BusFault_Handler	4	static
stm32f4xx_it.c:138:6:UsageFault_Handler	4	static
stm32f4xx_it.c:153:6:DebugMon_Handler	4	static
stm32f4xx_it.c:173:6:DMA1_Stream2_IRQHandler	8	static
stm32f4xx_it.c:187:6:TIM1_BRK_TIM9_IRQHandler	8	static
stm32f4xx_it.c:202:6:TIM1_UP_TIM10_IRQHandler	8	static
stm32f4xx_it.c:222:6:TIM1_TRG_COM_TIM11_IRQHandler	8	static
stm32f4xx_it.c:242:6:TIM1_CC_IRQHandler	8	static
stm32f4xx_it.c:256:6:TIM2_IRQHandler	8	static
stm32f4xx_it.c:270:6:TIM3_IRQHandler	8	static
stm32f4xx_it.c:284:6:TIM4_IRQHandler	8	static
stm32f4xx_it.c:298:6:TIM8_BRK_TIM12_IRQHandler	8	static
stm32f4xx_it.c:313:6:TIM8_UP_TIM13_IRQHandler	8	static
stm32f4xx_it.c:327:6:TIM8_TRG_COM_TIM14_IRQHandler	8	static
stm32f4xx_it.c:341:6:TIM8_CC_IRQHandler	8	static
stm32f4xx_it.c:355:6:TIM5_IRQHandler	8	static
stm32f4xx_it.c:369:6:UART4_IRQHandler	8	static
